2026-10-03T06:20:26.1841008Z Current runner version: '2.337.0'
2026-10-03T06:20:26.1861298Z ##[group]Runner Image Provisioner
2026-10-03T06:20:26.1862030Z Hosted Compute Agent
2026-10-03T06:20:26.1862645Z Version: 20260901.588
2026-10-03T06:20:26.1863169Z Commit: f88ec8081b781fac6c440065ac7ff9e710ce3d0b
2026-10-03T06:20:26.1863757Z Build Date: 2026-09-01T19:56:44Z
2026-10-03T06:20:26.1864380Z Worker ID: {b63117d7-36fb-4e4f-80ee-0e03b3b18012}
2026-10-03T06:20:26.1864964Z Azure Region: westus3
2026-10-03T06:20:26.1865748Z ##[endgroup]
2026-10-03T06:20:26.1866913Z ##[group]Operating System
2026-10-03T06:20:26.1867421Z Ubuntu
2026-10-03T06:20:26.1867912Z 24.04.5
2026-10-03T06:20:26.1868354Z LTS
2026-10-03T06:20:26.1868879Z ##[endgroup]
2026-10-03T06:20:26.1869342Z ##[group]Runner Image
2026-10-03T06:20:26.1869979Z Image: ubuntu-24.04
2026-10-03T06:20:26.1870492Z Version: 20260927.320.1
2026-10-03T06:20:26.1871537Z Included Software: https://github.com/actions/runner-images/blob/ubuntu24/20260927.320/images/ubuntu/Ubuntu2404-Readme.md
2026-10-03T06:20:26.1872798Z Image Release: https://github.com/actions/runner-images/releases/tag/ubuntu24%2F20260927.320
2026-10-03T06:20:26.1873585Z ##[endgroup]
2026-10-03T06:20:26.1874589Z ##[group]GITHUB_TOKEN Permissions
2026-10-03T06:20:26.1876318Z Actions: read
2026-10-03T06:20:26.1876869Z Contents: read
2026-10-03T06:20:26.1877332Z Metadata: read
2026-10-03T06:20:26.1877772Z ##[endgroup]
2026-10-03T06:20:26.1879457Z Secret source: Actions
2026-10-03T06:20:26.1880562Z Cache mode: write
2026-10-03T06:20:26.1881223Z Prepare workflow directory
2026-10-03T06:20:26.2887283Z Prepare all required actions
2026-10-03T06:20:26.2925398Z Getting action download info
2026-10-03T06:20:26.5901152Z Download action repository 'actions/checkout@v4' (SHA:11d5960a326750d5838078e36cf38b85af677262)
2026-10-03T06:20:26.8830931Z Download action repository 'reactivecircus/android-emulator-runner@v2' (SHA:a421e43855164a8197daf9d8d40fe71c6996bb0d)
2026-10-03T06:20:27.4720311Z Download action repository 'actions/upload-artifact@v4' (SHA:ea165f8d65b6e75b540449e92b4886f43607fa02)
2026-10-03T06:20:27.8666967Z Uses: battlesbudz/Jarvis-OS-V2/.github/workflows/android-sandbox.yml@refs/heads/feature/memory-os-overnight-candidate-extraction-20261002-7 (7173b4818114624fb72da6aa72903319778c3049)
2026-10-03T06:20:27.8673081Z Complete job name: Verify signed release in Android sandbox / Release journeys / API 35 / app-compact
2026-10-03T06:20:27.9435793Z ##[group]Run actions/checkout@v4
2026-10-03T06:20:27.9436936Z with:
2026-10-03T06:20:27.9437697Z   repository: battlesbudz/Jarvis-OS-V2
2026-10-03T06:20:27.9444975Z   token: ***
2026-10-03T06:20:27.9445708Z   ssh-strict: true
2026-10-03T06:20:27.9446450Z   ssh-user: git
2026-10-03T06:20:27.9447212Z   persist-credentials: true
2026-10-03T06:20:27.9448036Z   clean: true
2026-10-03T06:20:27.9448793Z   sparse-checkout-cone-mode: true
2026-10-03T06:20:27.9449682Z   fetch-depth: 1
2026-10-03T06:20:27.9450558Z   fetch-tags: false
2026-10-03T06:20:27.9451334Z   show-progress: true
2026-10-03T06:20:27.9452128Z   lfs: false
2026-10-03T06:20:27.9452834Z   submodules: false
2026-10-03T06:20:27.9453606Z   set-safe-directory: true
2026-10-03T06:20:27.9454480Z   allow-unsafe-pr-checkout: false
2026-10-03T06:20:27.9455597Z ##[endgroup]
2026-10-03T06:20:28.0315369Z Syncing repository: battlesbudz/Jarvis-OS-V2
2026-10-03T06:20:28.0318531Z ##[group]Getting Git version info
2026-10-03T06:20:28.0320591Z Working directory is '/home/runner/work/Jarvis-OS-V2/Jarvis-OS-V2'
2026-10-03T06:20:28.0323185Z [command]/usr/bin/git version
2026-10-03T06:20:28.0376911Z git version 2.55.0
2026-10-03T06:20:28.0402034Z ##[endgroup]
2026-10-03T06:20:28.0411007Z Temporarily overriding HOME='/home/runner/work/_temp/c95d3d44-51f6-4ff7-ac77-c7566cfcc316' before making global git config changes
2026-10-03T06:20:28.0414938Z Adding repository directory to the temporary git global config as a safe directory
2026-10-03T06:20:28.0418145Z [command]/usr/bin/git config --global --add safe.directory /home/runner/work/Jarvis-OS-V2/Jarvis-OS-V2
2026-10-03T06:20:28.0454068Z Deleting the contents of '/home/runner/work/Jarvis-OS-V2/Jarvis-OS-V2'
2026-10-03T06:20:28.0457940Z ##[group]Initializing the repository
2026-10-03T06:20:28.0461474Z [command]/usr/bin/git init /home/runner/work/Jarvis-OS-V2/Jarvis-OS-V2
2026-10-03T06:20:28.0894479Z hint: Using 'master' as the name for the initial branch. This default branch name
2026-10-03T06:20:28.0896993Z hint: will change to "main" in Git 3.0. To configure the initial branch name
2026-10-03T06:20:28.0899279Z hint: to use in all of your new repositories, which will suppress this warning,
2026-10-03T06:20:28.0901196Z hint: call:
2026-10-03T06:20:28.0902534Z hint:
2026-10-03T06:20:28.0903726Z hint: 	git config --global init.defaultBranch <name>
2026-10-03T06:20:28.0905197Z hint:
2026-10-03T06:20:28.0906631Z hint: Names commonly chosen instead of 'master' are 'main', 'trunk' and
2026-10-03T06:20:28.0908847Z hint: 'development'. The just-created branch can be renamed via this command:
2026-10-03T06:20:28.0910717Z hint:
2026-10-03T06:20:28.0911743Z hint: 	git branch -m <name>
2026-10-03T06:20:28.0912890Z hint:
2026-10-03T06:20:28.0914316Z hint: Disable this message with "git config set advice.defaultBranchName false"
2026-10-03T06:20:28.0916893Z Initialized empty Git repository in /home/runner/work/Jarvis-OS-V2/Jarvis-OS-V2/.git/
2026-10-03T06:20:28.0920112Z [command]/usr/bin/git remote add origin https://github.com/battlesbudz/Jarvis-OS-V2
2026-10-03T06:20:28.0955271Z ##[endgroup]
2026-10-03T06:20:28.0957155Z ##[group]Disabling automatic garbage collection
2026-10-03T06:20:28.0958785Z [command]/usr/bin/git config --local gc.auto 0
2026-10-03T06:20:28.0988525Z ##[endgroup]
2026-10-03T06:20:28.0990465Z ##[group]Setting up auth
2026-10-03T06:20:28.0994495Z [command]/usr/bin/git config --local --name-only --get-regexp core\.sshCommand
2026-10-03T06:20:28.1024977Z [command]/usr/bin/git submodule foreach --recursive sh -c "git config --local --name-only --get-regexp 'core\.sshCommand' && git config --local --unset-all 'core.sshCommand' || :"
2026-10-03T06:20:28.1580980Z [command]/usr/bin/git config --local --name-only --get-regexp http\.https\:\/\/github\.com\/\.extraheader
2026-10-03T06:20:28.1623341Z [command]/usr/bin/git submodule foreach --recursive sh -c "git config --local --name-only --get-regexp 'http\.https\:\/\/github\.com\/\.extraheader' && git config --local --unset-all 'http.https://github.com/.extraheader' || :"
2026-10-03T06:20:28.1809281Z [command]/usr/bin/git config --local --name-only --get-regexp ^includeIf\.gitdir:
2026-10-03T06:20:28.1841447Z [command]/usr/bin/git submodule foreach --recursive git config --local --show-origin --name-only --get-regexp remote.origin.url
2026-10-03T06:20:28.2031240Z [command]/usr/bin/git config --local http.https://github.com/.extraheader AUTHORIZATION: basic ***
2026-10-03T06:20:28.2188749Z ##[endgroup]
2026-10-03T06:20:28.2190101Z ##[group]Fetching the repository
2026-10-03T06:20:28.2197218Z [command]/usr/bin/git -c protocol.version=2 fetch --no-tags --prune --no-recurse-submodules --depth=1 origin +7173b4818114624fb72da6aa72903319778c3049:refs/remotes/origin/feature/memory-os-overnight-candidate-extraction-20261002-7
2026-10-03T06:20:29.1114993Z From https://github.com/battlesbudz/Jarvis-OS-V2
2026-10-03T06:20:29.1116780Z  * [new ref]         7173b4818114624fb72da6aa72903319778c3049 -> origin/feature/memory-os-overnight-candidate-extraction-20261002-7
2026-10-03T06:20:29.1120145Z ##[endgroup]
2026-10-03T06:20:29.1120726Z ##[group]Determining the checkout info
2026-10-03T06:20:29.1121905Z ##[endgroup]
2026-10-03T06:20:29.1126569Z [command]/usr/bin/git sparse-checkout disable
2026-10-03T06:20:29.1171234Z [command]/usr/bin/git config --local --unset-all extensions.worktreeConfig
2026-10-03T06:20:29.1199634Z ##[group]Checking out the ref
2026-10-03T06:20:29.1204199Z [command]/usr/bin/git checkout --progress --force -B feature/memory-os-overnight-candidate-extraction-20261002-7 refs/remotes/origin/feature/memory-os-overnight-candidate-extraction-20261002-7
2026-10-03T06:20:29.1537371Z Switched to a new branch 'feature/memory-os-overnight-candidate-extraction-20261002-7'
2026-10-03T06:20:29.1542145Z branch 'feature/memory-os-overnight-candidate-extraction-20261002-7' set up to track 'origin/feature/memory-os-overnight-candidate-extraction-20261002-7'.
2026-10-03T06:20:29.1546533Z ##[endgroup]
2026-10-03T06:20:29.1583557Z [command]/usr/bin/git log -1 --format=%H
2026-10-03T06:20:29.1605803Z 7173b4818114624fb72da6aa72903319778c3049
2026-10-03T06:20:29.1864376Z ##[group]Run python3 scripts/verification/artifacts.py fetch --out artifact-manifest.json --repository "$GITHUB_REPOSITORY" --run-id "$GITHUB_RUN_ID"
2026-10-03T06:20:29.1865336Z [36;1mpython3 scripts/verification/artifacts.py fetch --out artifact-manifest.json --repository "$GITHUB_REPOSITORY" --run-id "$GITHUB_RUN_ID"[0m
2026-10-03T06:20:29.1866615Z [36;1mpython3 scripts/verification/artifacts.py select --manifest artifact-manifest.json --run-id "$GITHUB_RUN_ID" --head-sha "$EXPECTED_HEAD" --require 'jarvis-os-v2-release-apk=Build signed release APK' --require 'jarvis-verification-test-apk=Build signed release APK' --require-success --github-output "$GITHUB_OUTPUT"[0m
2026-10-03T06:20:29.2109163Z shell: /usr/bin/bash -e {0}
2026-10-03T06:20:29.2109441Z env:
2026-10-03T06:20:29.2111973Z   GITHUB_TOKEN: ***
2026-10-03T06:20:29.2112261Z   EXPECTED_HEAD: 7173b4818114624fb72da6aa72903319778c3049
2026-10-03T06:20:29.2112558Z ##[endgroup]
2026-10-03T06:20:30.3796489Z 11265968726,11266758173
2026-10-03T06:20:30.3918229Z ##[group]Run python3 scripts/verification/artifacts.py download --manifest artifact-manifest.json --artifact-ids "11265968726,11266758173" --out inputs --layout flat
2026-10-03T06:20:30.3919115Z [36;1mpython3 scripts/verification/artifacts.py download --manifest artifact-manifest.json --artifact-ids "11265968726,11266758173" --out inputs --layout flat[0m
2026-10-03T06:20:30.3974556Z shell: /usr/bin/bash -e {0}
2026-10-03T06:20:30.3974773Z env:
2026-10-03T06:20:30.3976821Z   GITHUB_TOKEN: ***
2026-10-03T06:20:30.3977020Z ##[endgroup]
2026-10-03T06:20:34.4700304Z Downloaded verified artifact IDs: 11265968726,11266758173
2026-10-03T06:20:34.4828387Z ##[group]Run echo 'KERNEL=="kvm", GROUP="kvm", MODE="0666", OPTIONS+="static_node=kvm"' | sudo tee /etc/udev/rules.d/99-jarvis-kvm.rules
2026-10-03T06:20:34.4829046Z [36;1mecho 'KERNEL=="kvm", GROUP="kvm", MODE="0666", OPTIONS+="static_node=kvm"' | sudo tee /etc/udev/rules.d/99-jarvis-kvm.rules[0m
2026-10-03T06:20:34.4829492Z [36;1msudo udevadm control --reload-rules[0m
2026-10-03T06:20:34.4829952Z [36;1msudo udevadm trigger --name-match=kvm[0m
2026-10-03T06:20:34.4885343Z shell: /usr/bin/bash -e {0}
2026-10-03T06:20:34.4885556Z ##[endgroup]
2026-10-03T06:20:34.5010529Z KERNEL=="kvm", GROUP="kvm", MODE="0666", OPTIONS+="static_node=kvm"
2026-10-03T06:20:34.5352700Z ##[group]Run reactivecircus/android-emulator-runner@v2
2026-10-03T06:20:34.5352973Z with:
2026-10-03T06:20:34.5353135Z   api-level: 35
2026-10-03T06:20:34.5353305Z   target: google_apis
2026-10-03T06:20:34.5353478Z   arch: x86_64
2026-10-03T06:20:34.5353654Z   profile: pixel_2
2026-10-03T06:20:34.5353817Z   ram-size: 4096M
2026-10-03T06:20:34.5353979Z   heap-size: 512M
2026-10-03T06:20:34.5354139Z   disk-size: 4096M
2026-10-03T06:20:34.5354305Z   disable-animations: true
2026-10-03T06:20:34.5354501Z   emulator-boot-timeout: 300
2026-10-03T06:20:34.5354873Z   emulator-options: -no-window -gpu swiftshader_indirect -noaudio -no-boot-anim -no-snapshot
2026-10-03T06:20:34.5355787Z   script: python3 scripts/verification/android.py run --apk inputs/app-compact.apk --test-apk inputs/app-release-androidTest.apk --out verification-evidence --source-commit "7173b4818114624fb72da6aa72903319778c3049" --pr-head "" --allow-emulator-reset
2026-10-03T06:20:34.5356527Z   cores: 2
2026-10-03T06:20:34.5356710Z   avd-name: test
2026-10-03T06:20:34.5356886Z   force-avd-creation: true
2026-10-03T06:20:34.5357077Z   emulator-port: 5554
2026-10-03T06:20:34.5357261Z   disable-spellchecker: false
2026-10-03T06:20:34.5357463Z   disable-linux-hw-accel: auto
2026-10-03T06:20:34.5357810Z   enable-hw-keyboard: false
2026-10-03T06:20:34.5358004Z   channel: stable
2026-10-03T06:20:34.5358178Z ##[endgroup]
2026-10-03T06:20:34.5817264Z ##[group]Configure emulator
2026-10-03T06:20:34.5818778Z API level: 35
2026-10-03T06:20:34.5819257Z System image API level: 35
2026-10-03T06:20:34.5819948Z target: google_apis
2026-10-03T06:20:34.5820261Z CPU architecture: x86_64
2026-10-03T06:20:34.5820596Z Hardware profile: pixel_2
2026-10-03T06:20:34.5822253Z Cores: 2
2026-10-03T06:20:34.5822521Z RAM size: 4096M
2026-10-03T06:20:34.5822794Z Heap size: 512M
2026-10-03T06:20:34.5823069Z SD card path or size: 
2026-10-03T06:20:34.5823346Z Disk size: 4096M
2026-10-03T06:20:34.5823605Z AVD name: test
2026-10-03T06:20:34.5823926Z force avd creation: true
2026-10-03T06:20:34.5824237Z Emulator boot timeout: 300
2026-10-03T06:20:34.5824544Z emulator port: 5554
2026-10-03T06:20:34.5825082Z emulator options: -no-window -gpu swiftshader_indirect -noaudio -no-boot-anim -no-snapshot
2026-10-03T06:20:34.5825689Z disable animations: true
2026-10-03T06:20:34.5825977Z disable spellchecker: false
2026-10-03T06:20:34.5826318Z disable Linux hardware acceleration: false
2026-10-03T06:20:34.5826711Z enable hardware keyboard: false
2026-10-03T06:20:34.5827027Z Channel: 0 (stable)
2026-10-03T06:20:34.5827286Z Script:
2026-10-03T06:20:34.5828450Z python3 scripts/verification/android.py run --apk inputs/app-compact.apk --test-apk inputs/app-release-androidTest.apk --out verification-evidence --source-commit "7173b4818114624fb72da6aa72903319778c3049" --pr-head "" --allow-emulator-reset
2026-10-03T06:20:34.5829648Z Pre emulator launch script:
2026-10-03T06:20:34.5830270Z ##[endgroup]
2026-10-03T06:20:34.5830613Z ##[group]Install Android SDK
2026-10-03T06:20:34.5925136Z [command]/usr/bin/sh -c \yes | sdkmanager --licenses > /dev/null
2026-10-03T06:20:39.4868762Z Installing latest build tools, platform tools, and platform.
2026-10-03T06:20:39.4879652Z [command]/usr/bin/sh -c \sdkmanager --install 'build-tools;37.0.0' platform-tools 'platforms;android-35'> /dev/null
2026-10-03T06:20:40.5643302Z Installing latest emulator.
2026-10-03T06:20:40.5654692Z [command]/usr/bin/sh -c \sdkmanager --install emulator --channel=0 > /dev/null
2026-10-03T06:20:55.6973580Z Installing system images.
2026-10-03T06:20:55.6984765Z [command]/usr/bin/sh -c \sdkmanager --install 'system-images;android-35;google_apis;x86_64' --channel=0 > /dev/null
2026-10-03T06:21:37.0475231Z ##[endgroup]
2026-10-03T06:21:37.0475723Z ##[group]Create AVD
2026-10-03T06:21:37.0475987Z Creating AVD.
2026-10-03T06:21:37.0491482Z [command]/usr/bin/sh -c \echo no | avdmanager create avd --force -n test --package 'system-images;android-35;google_apis;x86_64' --device 'pixel_2'
2026-10-03T06:21:37.6974924Z Loading local repository...                                                     
2026-10-03T06:21:37.6980418Z [=========                              ] 25% Loading local repository...       
2026-10-03T06:21:37.6990862Z [=========                              ] 25% Fetch remote repository...        
2026-10-03T06:21:37.7010173Z [=======================================] 100% Fetch remote repository...       
2026-10-03T06:21:37.7719076Z Auto-selecting single ABI x86_64
2026-10-03T06:21:38.0893127Z [command]/usr/bin/sh -c \printf 'hw.cpu.ncore=2\nhw.ramSize=4096M\nhw.heapSize=512M\ndisk.dataPartition.size=4096M\n' >> /home/runner/.android/avd/test.avd/config.ini
2026-10-03T06:21:38.0910363Z ##[endgroup]
2026-10-03T06:21:38.0912334Z ##[group]Launch Emulator
2026-10-03T06:21:38.0912610Z Starting emulator.
2026-10-03T06:21:38.0924539Z [command]/usr/bin/sh -c \/usr/local/lib/android/sdk/emulator/emulator -port 5554 -avd test -no-window -gpu swiftshader_indirect -noaudio -no-boot-anim -no-snapshot &
2026-10-03T06:21:38.1027193Z INFO         | Android emulator version 37.2.12.0 (build_id 16428233) (CL:N/A)
2026-10-03T06:21:38.1027691Z INFO         | Graphics backend: gfxstream
2026-10-03T06:21:38.1028236Z INFO         | Found systemPath /usr/local/lib/android/sdk/system-images/android-35/google_apis/x86_64/
2026-10-03T06:21:38.1441106Z INFO         | Saving last run QEMU version for the AVD to 2
2026-10-03T06:21:38.1441583Z ##############################################################################
2026-10-03T06:21:38.1442032Z ##                        WARNING - ACTION REQUIRED                         ##
2026-10-03T06:21:38.1442383Z ##  Consider using the '-metrics-collection' flag to help improve the       ##
2026-10-03T06:21:38.1442758Z ##  emulator by sending anonymized usage data. Or use the '-no-metrics'     ##
2026-10-03T06:21:38.1443128Z ##  flag to bypass this warning and turn off the metrics collection.        ##
2026-10-03T06:21:38.1443491Z ##  In a future release this warning will turn into a one-time blocking     ##
2026-10-03T06:21:38.1443876Z ##  prompt to ask for explicit user input regarding metrics collection.     ##
2026-10-03T06:21:38.1444196Z ##                                                                          ##
2026-10-03T06:21:38.1444509Z ##  Please see '-help-metrics-collection' for more details. You can use     ##
2026-10-03T06:21:38.1444885Z ##  '-metrics-to-file' or '-metrics-to-console' flags to see what type of   ##
2026-10-03T06:21:38.1445245Z ##  data is being collected by emulator as part of usage statistics.        ##
2026-10-03T06:21:38.1445554Z ##############################################################################
2026-10-03T06:21:38.1445813Z INFO         | Guest GLES Driver: Auto (ext controls)
2026-10-03T06:21:38.1446183Z INFO         | emuglConfig_init: vulkan_mode_selected:swiftshader gles_mode_selected:swiftshader
2026-10-03T06:21:38.1446539Z INFO         | Checking system compatibility:
2026-10-03T06:21:38.1446785Z INFO         |   Checking: hasSufficientDiskSpace
2026-10-03T06:21:38.1447110Z INFO         |      Ok: Disk space requirements to run avd: `test` are met
2026-10-03T06:21:38.1447410Z INFO         |   Checking: hasSufficientHwGpu
2026-10-03T06:21:38.1447677Z INFO         |      Ok: Hardware GPU compatibility checks are not required
2026-10-03T06:21:38.1447962Z INFO         |   Checking: hasSufficientSystem
2026-10-03T06:21:38.1448227Z INFO         |      Ok: System requirements to run avd: `test` are met
2026-10-03T06:21:38.1448834Z WARNING      | Feature QuickbootFileBacked is disabled due to stability issues, if you really want that, the environment variable ANDROID_EMU_FORCE_QUICKBOOT_FILE_BACKED need to set to 1
2026-10-03T06:21:38.3824216Z ERROR        | Unable to connect to adb daemon on port: 5037
2026-10-03T06:21:38.3827150Z INFO         | Storing crashdata in: /tmp/android-runner/emu-crash-37.2.12.db, detection is enabled for process: 2416
2026-10-03T06:21:38.3829425Z INFO         | Initializing gfxstream backend
2026-10-03T06:21:38.3836196Z INFO         | startOpenglesRendererImpl: gpu info
2026-10-03T06:21:38.3836612Z INFO         | 
2026-10-03T06:21:38.3837759Z INFO         | initIcdPaths: ICD set to 'swiftshader', using Swiftshader ICD
2026-10-03T06:21:38.3838486Z INFO         | Setting ICD filenames for the loader = /usr/local/lib/android/sdk/emulator/lib64/vulkan/vk_swiftshader_icd.json
2026-10-03T06:21:38.3844017Z INFO         | SharedLibrary::open for [/usr/local/lib/android/sdk/emulator/qemu/linux-x86_64/lib64/vulkan/libvulkan.so]
2026-10-03T06:21:38.3844902Z INFO         | SharedLibrary::open for [/usr/local/lib/android/sdk/emulator/qemu/linux-x86_64/lib64/vulkan/libvulkan.so.1]
2026-10-03T06:21:38.3845660Z INFO         | SharedLibrary::open for [/usr/local/lib/android/sdk/emulator/lib64/vulkan/libvulkan.so]
2026-10-03T06:21:38.3846230Z INFO         | Added library: /usr/local/lib/android/sdk/emulator/lib64/vulkan/libvulkan.so
2026-10-03T06:21:38.3880603Z INFO         | Selecting Vulkan device: SwiftShader Device (Subzero), Version: 1.3.0
2026-10-03T06:21:38.3881015Z INFO         | Using Vulkan externalMemoryMode: OpaqueFd for VkEmulation
2026-10-03T06:21:38.3967293Z INFO         | Format VK_FORMAT_G10X6_B10X6R10X6_2PLANE_422_UNORM_3PACK16 does not support YCbCr sampler conversion
2026-10-03T06:21:38.3994048Z INFO         | SharedLibrary::open for [libX11]
2026-10-03T06:21:38.3994924Z WARNING      | Could not open libX11.so, try libX11.so.6
2026-10-03T06:21:38.3995426Z INFO         | SharedLibrary::open for [libX11.so.6]
2026-10-03T06:21:38.3995879Z INFO         | SharedLibrary::open for [libX11-xcb]
2026-10-03T06:21:38.3996386Z WARNING      | Could not open libX11-xcb.so, try libX11-xcb.so.1
2026-10-03T06:21:38.3996866Z INFO         | SharedLibrary::open for [libX11-xcb.so.1]
2026-10-03T06:21:38.4036725Z INFO         | Initializing VkEmulation features:
2026-10-03T06:21:38.4037124Z INFO         |     glInteropSupported: false
2026-10-03T06:21:38.4037447Z INFO         |     useDeferredCommands: true
2026-10-03T06:21:38.4039424Z INFO         |     createResourceWithRequirements: true
2026-10-03T06:21:38.4039957Z INFO         |     useVulkanComposition: false
2026-10-03T06:21:38.4040399Z INFO         |     useVulkanNativeSwapchain: false
2026-10-03T06:21:38.4040778Z INFO         |     enable guestRenderDoc: false
2026-10-03T06:21:38.4041308Z INFO         |     ASTC LDR emulation mode: Gpu
2026-10-03T06:21:38.4041677Z INFO         |     enable ETC2 emulation: true
2026-10-03T06:21:38.4042034Z INFO         |     enable Ycbcr emulation: false
2026-10-03T06:21:38.4042407Z INFO         |     guestVulkanOnly: false
2026-10-03T06:21:38.4042729Z INFO         |     useDedicatedAllocations: false
2026-10-03T06:21:38.4042989Z INFO         |     guestVulkanMaxApiVersion: 1.3.0
2026-10-03T06:21:38.4043259Z INFO         |     enableProtectedMemoryEmulation: false
2026-10-03T06:21:38.4043548Z INFO         | Graphics Adapter Vendor Google (Google Inc.)
2026-10-03T06:21:38.4043912Z INFO         | Graphics Adapter Android Emulator OpenGL ES Translator (Google SwiftShader)
2026-10-03T06:21:38.4044340Z INFO         | Graphics API Version OpenGL ES 3.0 (OpenGL ES 3.0 SwiftShader 4.0.0.1)
2026-10-03T06:21:38.4045938Z INFO         | Graphics API Extensions GL_OES_EGL_sync GL_OES_EGL_image GL_OES_EGL_image_external GL_OES_depth24 GL_OES_depth32 GL_OES_element_index_uint GL_OES_texture_float GL_OES_texture_float_linear GL_OES_compressed_paletted_texture GL_OES_compressed_ETC1_RGB8_texture GL_OES_depth_texture GL_OES_texture_half_float GL_OES_texture_half_float_linear GL_OES_packed_depth_stencil GL_OES_vertex_half_float GL_OES_standard_derivatives GL_OES_texture_npot GL_OES_rgb8_rgba8 GL_EXT_color_buffer_float GL_EXT_color_buffer_half_float GL_EXT_texture_format_BGRA8888 GL_APPLE_texture_format_BGRA8888 
2026-10-03T06:21:38.4048455Z INFO         | Graphics Device Extensions N/A
2026-10-03T06:21:38.4048860Z INFO         | Disabling sparse binding feature support
2026-10-03T06:21:38.4107719Z INFO         | Sending adb public key [QAAAAJ1ZNt5LCwJBcWPoi4Ta/sGyD09H7cEb3ZqYl971Ggb4UvrNP/nhBWSXUHI4D338iImdwI5Q10p6NJYYmRQLZl6BHoGCX2s0jwVv3q0L37wHHNm7D+BSuEjyOQVc+hZ/UilZXRMbwTdsBrwwrfPBb0KPyY+JNjoCJVpr9FwRT5+vhDH+rMBZ0f4gGvAeVonK4GGgh05IyzWVd+qInqWKvln4/w9EYKz7eMq+OSGStR/Lv5YU+NUkQhXe60nvoK+wqVyT6ntCvURBAwJWPU+CUMzKCW4IZSmIv046y3SE06Ago4QYUW48XMeLyx6p8kvMhOWaBav9+vLqEFPjOn/ZwvUwfNHSXPq8qHoFOY2aUGb54WkRDxaC8DcIZnU9OQI8nJTk9uu8AFTBDZ32PA1em59RHIomwSe+or921Xh8xpb05lCy603+RZSLPpFMJ7Gpg10A6Ujp4qFEt96Nk55yqtnJtnia9mvNNljA7oTMVQ9jWD/YLngnWrpzPph3i+ODFS5UfwzSRL4Jboxuu0W/1upJARYOE3vGLS7t+LSjzIQqNKmhmfwVfJkPXGt0In+5HfopbanYED7CWi2SUIzw93K5b7EN0Oj8jhE8H8UMDIPwm+/tuFJXkSt4UGyf4HCg93FzaK5EO2C8NJ4o8Ufsps5eV7kNFfA1EumDuDwQ6CV7y0JJRwEAAQA= runner@unknown]
2026-10-03T06:21:38.4112500Z INFO         | Userspace boot properties:
2026-10-03T06:21:38.4113442Z INFO         |   androidboot.boot_devices=pci0000:00/0000:00:03.0 pci0000:00/0000:00:06.0
2026-10-03T06:21:38.4113979Z INFO         |   androidboot.dalvik.vm.heapsize=576m
2026-10-03T06:21:38.4114268Z INFO         |   androidboot.debug.hwui.renderer=skiagl
2026-10-03T06:21:38.4114565Z INFO         |   androidboot.debug.sf.nobootanimation=1
2026-10-03T06:21:38.4114832Z INFO         |   androidboot.hardware=ranchu
2026-10-03T06:21:38.4115091Z INFO         |   androidboot.hardware.gltransport=pipe
2026-10-03T06:21:38.4115367Z INFO         |   androidboot.hardware.vulkan=ranchu
2026-10-03T06:21:38.4115881Z INFO         |   androidboot.logcat=*:V
2026-10-03T06:21:38.4116206Z INFO         |   androidboot.opengles.version=196608
2026-10-03T06:21:38.4116443Z INFO         |   androidboot.qemu=1
2026-10-03T06:21:38.4118977Z INFO         |   androidboot.qemu.adb.pubkey=QAAAAJ1ZNt5LCwJBcWPoi4Ta/sGyD09H7cEb3ZqYl971Ggb4UvrNP/nhBWSXUHI4D338iImdwI5Q10p6NJYYmRQLZl6BHoGCX2s0jwVv3q0L37wHHNm7D+BSuEjyOQVc+hZ/UilZXRMbwTdsBrwwrfPBb0KPyY+JNjoCJVpr9FwRT5+vhDH+rMBZ0f4gGvAeVonK4GGgh05IyzWVd+qInqWKvln4/w9EYKz7eMq+OSGStR/Lv5YU+NUkQhXe60nvoK+wqVyT6ntCvURBAwJWPU+CUMzKCW4IZSmIv046y3SE06Ago4QYUW48XMeLyx6p8kvMhOWaBav9+vLqEFPjOn/ZwvUwfNHSXPq8qHoFOY2aUGb54WkRDxaC8DcIZnU9OQI8nJTk9uu8AFTBDZ32PA1em59RHIomwSe+or921Xh8xpb05lCy603+RZSLPpFMJ7Gpg10A6Ujp4qFEt96Nk55yqtnJtnia9mvNNljA7oTMVQ9jWD/YLngnWrpzPph3i+ODFS5UfwzSRL4Jboxuu0W/1upJARYOE3vGLS7t+LSjzIQqNKmhmfwVfJkPXGt0In+5HfopbanYED7CWi2SUIzw93K5b7EN0Oj8jhE8H8UMDIPwm+/tuFJXkSt4UGyf4HCg93FzaK5EO2C8NJ4o8Ufsps5eV7kNFfA1EumDuDwQ6CV7y0JJRwEAAQA= runner@unknown
2026-10-03T06:21:38.4122496Z INFO         |   androidboot.qemu.avd_name=test
2026-10-03T06:21:38.4122768Z INFO         |   androidboot.qemu.camera_hq_edge_processing=0
2026-10-03T06:21:38.4123045Z INFO         |   androidboot.qemu.camera_protocol_ver=1
2026-10-03T06:21:38.4123320Z INFO         |   androidboot.qemu.cpuvulkan.version=4206592
2026-10-03T06:21:38.4123634Z INFO         |   androidboot.qemu.gltransport.drawFlushInterval=800
2026-10-03T06:21:38.4123963Z INFO         |   androidboot.qemu.gltransport.name=pipe
2026-10-03T06:21:38.4124221Z INFO         |   androidboot.qemu.hwcodec.avcdec=2
2026-10-03T06:21:38.4124469Z INFO         |   androidboot.qemu.hwcodec.hevcdec=2
2026-10-03T06:21:38.4124726Z INFO         |   androidboot.qemu.hwcodec.vpxdec=2
2026-10-03T06:21:38.4125033Z INFO         |   androidboot.qemu.settings.system.screen_off_timeout=2147483647
2026-10-03T06:21:38.4125348Z INFO         |   androidboot.qemu.skin=1080x1920
2026-10-03T06:21:38.4125590Z INFO         |   androidboot.qemu.virtiowifi=1
2026-10-03T06:21:38.4125924Z INFO         |   androidboot.qemu.vsync=60
2026-10-03T06:21:38.4126201Z INFO         |   androidboot.serialno=EMULATOR37X2X12X0
2026-10-03T06:21:38.4126592Z INFO         |   androidboot.vbmeta.digest=b3271ba499104f4631ae3723913d5c12574e01715fce5b82d60beed097ead264
2026-10-03T06:21:38.4127000Z INFO         |   androidboot.vbmeta.hash_alg=sha256
2026-10-03T06:21:38.4127249Z INFO         |   androidboot.vbmeta.size=6720
2026-10-03T06:21:38.4127490Z INFO         |   androidboot.veritymode=enforcing
2026-10-03T06:21:38.4290577Z WARNING: cannnot unmap ptr 0x7f78e0e01000 as it is in the protected range from 0x7f77e0e00000 to 0x7f78e1000000
2026-10-03T06:21:38.4330232Z pc_memory_init: above 4g size: 40000000
2026-10-03T06:21:38.4415589Z INFO         | Monitoring duration of emulator setup.
2026-10-03T06:21:39.4750790Z INFO         | Activated packet streamer for bluetooth emulation
2026-10-03T06:21:39.4751143Z INFO         | Successfully initialized netsim WiFi
2026-10-03T06:21:39.4769436Z INFO         | Setting display: 0 configuration to: 1080x1920, dpi: 420x420 
2026-10-03T06:21:39.4770011Z INFO         | setDisplayActiveConfig: id:0, 1080x1920
2026-10-03T06:21:39.4770592Z INFO         | emulatorSetupEnvironment: Environment scene is not required
2026-10-03T06:21:39.4828870Z USER_INFO    | Emulator is performing a full startup. This may take upto two minutes, or more.
2026-10-03T06:21:39.4829589Z WARNING      | Failed to process .ini file /home/runner/.android/emu-update-last-check.ini for reading.
2026-10-03T06:21:39.6850618Z WARNING      | Failed to process .ini file /home/runner/.android/emu-update-last-check.ini for reading.
2026-10-03T06:21:48.0958075Z [command]/usr/local/lib/android/sdk/platform-tools/adb -s emulator-5554 shell getprop sys.boot_completed
2026-10-03T06:21:48.0985091Z * daemon not running; starting now at tcp:5037
2026-10-03T06:21:48.1041573Z * daemon started successfully
2026-10-03T06:21:48.1042430Z adb: device offline
2026-10-03T06:21:48.1047546Z The process '/usr/local/lib/android/sdk/platform-tools/adb' failed with exit code 1
2026-10-03T06:21:50.1097376Z [command]/usr/local/lib/android/sdk/platform-tools/adb -s emulator-5554 shell getprop sys.boot_completed
2026-10-03T06:21:50.1383155Z 
2026-10-03T06:21:52.1441247Z [command]/usr/local/lib/android/sdk/platform-tools/adb -s emulator-5554 shell getprop sys.boot_completed
2026-10-03T06:21:52.1570342Z 
2026-10-03T06:21:54.1632486Z [command]/usr/local/lib/android/sdk/platform-tools/adb -s emulator-5554 shell getprop sys.boot_completed
2026-10-03T06:21:54.1820461Z 
2026-10-03T06:21:56.1895172Z [command]/usr/local/lib/android/sdk/platform-tools/adb -s emulator-5554 shell getprop sys.boot_completed
2026-10-03T06:21:56.2138553Z 
2026-10-03T06:21:58.2191254Z [command]/usr/local/lib/android/sdk/platform-tools/adb -s emulator-5554 shell getprop sys.boot_completed
2026-10-03T06:21:58.3113944Z 
2026-10-03T06:22:00.3214226Z [command]/usr/local/lib/android/sdk/platform-tools/adb -s emulator-5554 shell getprop sys.boot_completed
2026-10-03T06:22:00.3637370Z 
2026-10-03T06:22:02.3691229Z [command]/usr/local/lib/android/sdk/platform-tools/adb -s emulator-5554 shell getprop sys.boot_completed
2026-10-03T06:22:02.3904219Z 
2026-10-03T06:22:04.3937845Z [command]/usr/local/lib/android/sdk/platform-tools/adb -s emulator-5554 shell getprop sys.boot_completed
2026-10-03T06:22:04.4111215Z 
2026-10-03T06:22:06.4229207Z [command]/usr/local/lib/android/sdk/platform-tools/adb -s emulator-5554 shell getprop sys.boot_completed
2026-10-03T06:22:06.4450356Z 
2026-10-03T06:22:07.8992846Z INFO         | Boot completed in 29772 ms
2026-10-03T06:22:07.8994458Z INFO         | Increasing screen off timeout, logcat buffer size to 2M.
2026-10-03T06:22:08.4480386Z [command]/usr/local/lib/android/sdk/platform-tools/adb -s emulator-5554 shell getprop sys.boot_completed
2026-10-03T06:22:08.6163945Z 1
2026-10-03T06:22:08.6190144Z Emulator booted.
2026-10-03T06:22:08.6344818Z [command]/usr/local/lib/android/sdk/platform-tools/adb -s emulator-5554 shell input keyevent 82
2026-10-03T06:22:12.9635173Z Disabling animations.
2026-10-03T06:22:12.9687180Z [command]/usr/local/lib/android/sdk/platform-tools/adb -s emulator-5554 shell settings put global window_animation_scale 0.0
2026-10-03T06:22:13.2273497Z [command]/usr/local/lib/android/sdk/platform-tools/adb -s emulator-5554 shell settings put global transition_animation_scale 0.0
2026-10-03T06:22:13.3949542Z [command]/usr/local/lib/android/sdk/platform-tools/adb -s emulator-5554 shell settings put global animator_duration_scale 0.0
2026-10-03T06:22:13.5094635Z ##[endgroup]
2026-10-03T06:22:13.5148309Z [command]/usr/bin/sh -c python3 scripts/verification/android.py run --apk inputs/app-compact.apk --test-apk inputs/app-release-androidTest.apk --out verification-evidence --source-commit "7173b4818114624fb72da6aa72903319778c3049" --pr-head "" --allow-emulator-reset
2026-10-03T06:22:40.0730721Z ERROR        | Failed to find ColorBuffer: 184
2026-10-03T06:22:40.0780405Z ERROR        | Failed to bind to texture: invalid color buffer.
2026-10-03T06:26:45.3426244Z {
2026-10-03T06:26:45.3430381Z   "schema": 1,
2026-10-03T06:26:45.3430986Z   "passed": false,
2026-10-03T06:26:45.3431289Z   "source_commit": "7173b4818114624fb72da6aa72903319778c3049",
2026-10-03T06:26:45.3431639Z   "pr_head": "",
2026-10-03T06:26:45.3432023Z   "run_url": "https://github.com/battlesbudz/Jarvis-OS-V2/actions/runs/37101689875",
2026-10-03T06:26:45.3432553Z   "coverage": "release UI + Android actions; no model inference",
2026-10-03T06:26:45.3440514Z   "not_covered": [
2026-10-03T06:26:45.3440999Z     "Real-model inference and model-generated tool selection",
2026-10-03T06:26:45.3443268Z     "Microphone, speaker, Bluetooth and acoustic interruption behavior",
2026-10-03T06:26:45.3444164Z     "Physical-device GPU/NPU compatibility, thermal behavior and latency",
2026-10-03T06:26:45.3444931Z     "Successful multi-gigabyte model download/import",
2026-10-03T06:26:45.3445526Z     "Real-model use of approved memory recall"
2026-10-03T06:26:45.3446324Z   ],
2026-10-03T06:26:45.3446841Z   "device_evidence_folder": "jarvis-verification-1791008533598454888",
2026-10-03T06:26:45.3447479Z   "errors": [
2026-10-03T06:26:45.3448058Z     "Instrumentation failed; see instrumentation.txt and per-test screenshots"
2026-10-03T06:26:45.3448705Z   ],
2026-10-03T06:26:45.3449239Z   "apk_sha256": "bbe0073e24941b83c6521eb699f39948b8e106d3b3978e8467cdd4f3c38d82a1",
2026-10-03T06:26:45.3450348Z   "test_apk_sha256": "94b1520581d78757d0be661289d4f71d6a673f04ac55a0f8aefd414c87e70c6b",
2026-10-03T06:26:45.3451090Z   "device": {
2026-10-03T06:26:45.3451487Z     "abi": "x86_64,arm64-v8a",
2026-10-03T06:26:45.3451880Z     "api": "35",
2026-10-03T06:26:45.3452513Z     "fingerprint": "google/sdk_gphone64_x86_64/emu64xa:15/AE3A.240806.043/12960925:userdebug/dev-keys",
2026-10-03T06:26:45.3453307Z     "native_bridge": "libndk_translation.so"
2026-10-03T06:26:45.3453799Z   },
2026-10-03T06:26:45.3454188Z   "instrumentation": {
2026-10-03T06:26:45.3454627Z     "passed": false,
2026-10-03T06:26:45.3455046Z     "tests": {
2026-10-03T06:26:45.3455464Z       "test01_setupRequiresAnInstalledModel": 0,
2026-10-03T06:26:45.3455954Z       "test02_searchHasAnHonestEmptyState": 0,
2026-10-03T06:26:45.3456525Z       "test03_browsingDoesNotChangeTheSelectedModel": 0,
2026-10-03T06:26:45.3457072Z       "test04_batteryToolReadsAndroid": 0,
2026-10-03T06:26:45.3457639Z       "test05_volumeToolChangesAndroidAndRejectsBadInput": 0,
2026-10-03T06:26:45.3458237Z       "test06_missingAppReturnsFailure": 0,
2026-10-03T06:26:45.3458771Z       "test07_settingsToolOpensAndroidSettings": 0,
2026-10-03T06:26:45.3459369Z       "test08_rejectedToolSequencePreservesAndroidVolume": 0,
2026-10-03T06:26:45.3460277Z       "test09_repeatedVolumeRequestIsIdempotent": 0,
2026-10-03T06:26:45.3460913Z       "test10_modelIssueWarningPrecedesSelectionAndCancelPreservesModel": 0,
2026-10-03T06:26:45.3461569Z       "test11_modelDetailsAreOptionalAndDoNotChangeSelection": 0,
2026-10-03T06:26:45.3462116Z       "test12_lastFamilyModelCanBeSelectedAboveNavigationBar": 0,
2026-10-03T06:26:45.3462707Z       "test13_imageAttachmentIsResizedStoredAndInvalidInputRejected": 0,
2026-10-03T06:26:45.3463253Z       "test14_threeActionTurnUsesRealAndroidState": 0,
2026-10-03T06:26:45.3463714Z       "test15_invalidActionTurnPreservesAndroidState": 0,
2026-10-03T06:26:45.3464229Z       "test16_partialFailureKeepsCompletedAndroidAction": 0,
2026-10-03T06:26:45.3464712Z       "test17_cancelledAndDuplicateActionTurnsDoNotReplay": 0,
2026-10-03T06:26:45.3465208Z       "test18_naturalActionRoutingOpensSettingsThenReadsBattery": 0,
2026-10-03T06:26:45.3465699Z       "test19_retryLiteralUnknownAppStopsWithoutBattery": 0,
2026-10-03T06:26:45.3466460Z       "test20_followupQueuesWhileAcceptedAndroidActionRuns": 0,
2026-10-03T06:26:45.3466974Z       "test21_speechInterruptionPreservesAcceptedAndroidActions": 0,
2026-10-03T06:26:45.3467453Z       "test22_explicitCancellationKeepsCompletedAndroidReceipts": 0,
2026-10-03T06:26:45.3468080Z       "test23_actionResultsSurviveEndCallWithoutReplay": 0,
2026-10-03T06:26:45.3468571Z       "test24_memoryManagerReviewsCorrectsSearchesAndErases": -2,
2026-10-03T06:26:45.3469113Z       "test25_finalizedTextAndVoiceMemoryNeedsApprovalBeforePromptUse": 0,
2026-10-03T06:26:45.3469664Z       "test26_memoryCorrectionAndEraseRefreshApprovedPacket": 0,
2026-10-03T06:26:45.3470511Z       "test27_controlledConversationSurfaceKeepsCallUntilExplicitEnd": 0,
2026-10-03T06:26:45.3471088Z       "test28_voiceNavigationRetainsCallIdUntilExplicitEnd": 0,
2026-10-03T06:26:45.3471626Z       "test29_eachAssistantReplyKeepsPersistedMetricsAcrossReload": 0,
2026-10-03T06:26:45.3472168Z       "test30_sqliteMigrationPreservesHistoryAndEraseAcrossReopen": 0,
2026-10-03T06:26:45.3472695Z       "test31_sqliteCorruptMigrationAndFailedEraseDoNotLoseData": 0,
2026-10-03T06:26:45.3473301Z       "test32_sqliteExceedsLegacyByteLimitAndSerializesSeparateWriters": 0,
2026-10-03T06:26:45.3473960Z       "test33_sourceArchiveRetainsExplicitHistoryAndExpiresWithoutFactLoss": 0,
2026-10-03T06:26:45.3474874Z       "test34_sourceArchiveUpgradesV1RejectsSecretsAndRollsBackFailure": 0,
2026-10-03T06:26:45.3475627Z       "test35_referencePdfExtractionAndPendingAcknowledgmentUseReleaseCode": 0,
2026-10-03T06:26:45.3476228Z       "test36_sourceCopyPrivacySurvivesPersistenceAndExpiry": 0,
2026-10-03T06:26:45.3476801Z       "test37_localExtractionJobsAcceptSupportedFactsAndFenceSensitiveRecall": 0,
2026-10-03T06:26:45.3477511Z       "test38_extractionFifthCancellationRefundSurvivesReopenAndStaleLease": 0,
2026-10-03T06:26:45.3478059Z       "test90_modelSelectionPersistsAcrossRecreation": 0
2026-10-03T06:26:45.3478443Z     },
2026-10-03T06:26:45.3478685Z     "errors": [
2026-10-03T06:26:45.3478993Z       "Failed, skipped or incomplete instrumentation test",
2026-10-03T06:26:45.3479394Z       "Missing successful runner completion",
2026-10-03T06:26:45.3479868Z       "Instrumentation reported a failure"
2026-10-03T06:26:45.3480165Z     ]
2026-10-03T06:26:45.3480359Z   }
2026-10-03T06:26:45.3480544Z }
2026-10-03T06:26:45.3521628Z ##[error]The process '/usr/bin/sh' failed with exit code 1
2026-10-03T06:26:45.3529546Z ##[group]Terminate Emulator
2026-10-03T06:26:45.3531329Z [command]/usr/local/lib/android/sdk/platform-tools/adb -s emulator-5554 emu kill
2026-10-03T06:26:45.3570429Z OK: killing emulator, bye bye
2026-10-03T06:26:45.3571026Z OK
2026-10-03T06:26:45.3572115Z INFO         | Wait for emulator (pid 2416) 20 seconds to shutdown gracefully before kill;you can set environment variable ANDROID_EMULATOR_WAIT_TIME_BEFORE_KILL(in seconds) to change the default value (20 seconds)
2026-10-03T06:26:45.3573205Z 
2026-10-03T06:26:45.3573893Z ##[endgroup]
2026-10-03T06:26:45.3645327Z USER_INFO    | Snapshots have been disabled by the user, save request is ignored.
2026-10-03T06:26:45.3645877Z INFO         | Saving snapshot 'default_boot' took 1 ms
2026-10-03T06:26:45.5989645Z ERROR        | stop: Not implemented
2026-10-03T06:26:45.5990660Z WARNING      | Emulator client has not yet been configured.. Call configure me first!
2026-10-03T06:26:45.6152793Z INFO         | removeAll
2026-10-03T06:26:45.6611268Z WARNING      | Netsim Wifi dns:///localhost:44631 is gone due to Stream removed (CANCELLED)
2026-10-03T06:26:46.4993271Z ##[group]Run actions/upload-artifact@v4
2026-10-03T06:26:46.4993503Z with:
2026-10-03T06:26:46.4993703Z   name: jarvis-verification-api-35-app-compact
2026-10-03T06:26:46.4993950Z   path: verification-evidence/
2026-10-03T06:26:46.4994148Z   retention-days: 14
2026-10-03T06:26:46.4994325Z   if-no-files-found: warn
2026-10-03T06:26:46.4994512Z   compression-level: 6
2026-10-03T06:26:46.4994692Z   overwrite: false
2026-10-03T06:26:46.4994867Z   include-hidden-files: false
2026-10-03T06:26:46.4995057Z env:
2026-10-03T06:26:46.4995228Z   ANDROID_AVD_HOME: /home/runner/.android/avd
2026-10-03T06:26:46.4995453Z ##[endgroup]
2026-10-03T06:26:46.6295916Z (node:3295) [DEP0040] DeprecationWarning: The `punycode` module is deprecated. Please use a userland alternative instead.
2026-10-03T06:26:46.6296649Z (Use `node --trace-deprecation ...` to show where the warning was created)
2026-10-03T06:26:46.6427197Z With the provided path, there will be 98 files uploaded
2026-10-03T06:26:46.6432119Z Artifact name is valid!
2026-10-03T06:26:46.6432479Z Root directory input is valid!
2026-10-03T06:26:46.9834894Z Beginning upload of artifact content to blob storage
2026-10-03T06:26:47.3070871Z (node:3295) [DEP0169] DeprecationWarning: `url.parse()` behavior is not standardized and prone to errors that have security implications. Use the WHATWG URL API instead. CVEs are not issued for `url.parse()` vulnerabilities.
2026-10-03T06:26:48.0510804Z Uploaded bytes 6680676
2026-10-03T06:26:48.1123218Z Finished uploading artifact content to blob storage!
2026-10-03T06:26:48.1123806Z SHA256 digest of uploaded artifact zip is 16aba4be1d142d3017fcde922a1918a7f6272f0a2c5a759932bce56c071238f8
2026-10-03T06:26:48.1125051Z Finalizing artifact upload
2026-10-03T06:26:48.3516021Z Artifact jarvis-verification-api-35-app-compact.zip successfully finalized. Artifact ID 11266758801
2026-10-03T06:26:48.3517465Z Artifact jarvis-verification-api-35-app-compact has been successfully uploaded! Final size is 6680676 bytes. Artifact ID is 11266758801
2026-10-03T06:26:48.3522313Z Artifact download URL: https://github.com/battlesbudz/Jarvis-OS-V2/actions/runs/37101689875/artifacts/11266758801
2026-10-03T06:26:48.3644735Z ##[group]Run if [ -f verification-evidence/summary.md ]; then
2026-10-03T06:26:48.3645106Z [36;1mif [ -f verification-evidence/summary.md ]; then[0m
2026-10-03T06:26:48.3645461Z [36;1m  cat verification-evidence/summary.md >> "$GITHUB_STEP_SUMMARY"[0m
2026-10-03T06:26:48.3645759Z [36;1melse[0m
2026-10-03T06:26:48.3646091Z [36;1m  echo 'FAIL: emulator infrastructure did not produce a verification report.' >> "$GITHUB_STEP_SUMMARY"[0m
2026-10-03T06:26:48.3646467Z [36;1mfi[0m
2026-10-03T06:26:48.3702397Z shell: /usr/bin/bash -e {0}
2026-10-03T06:26:48.3702600Z env:
2026-10-03T06:26:48.3702792Z   ANDROID_AVD_HOME: /home/runner/.android/avd
2026-10-03T06:26:48.3703028Z ##[endgroup]
2026-10-03T06:26:48.3858404Z Post job cleanup.
2026-10-03T06:26:48.4535953Z [command]/usr/bin/git version
2026-10-03T06:26:48.4569032Z git version 2.55.0
2026-10-03T06:26:48.4597324Z Temporarily overriding HOME='/home/runner/work/_temp/395d48d4-3643-443e-8ac8-c2f534e9b728' before making global git config changes
2026-10-03T06:26:48.4598352Z Adding repository directory to the temporary git global config as a safe directory
2026-10-03T06:26:48.4601445Z [command]/usr/bin/git config --global --add safe.directory /home/runner/work/Jarvis-OS-V2/Jarvis-OS-V2
2026-10-03T06:26:48.4632070Z [command]/usr/bin/git config --local --name-only --get-regexp core\.sshCommand
2026-10-03T06:26:48.4660766Z [command]/usr/bin/git submodule foreach --recursive sh -c "git config --local --name-only --get-regexp 'core\.sshCommand' && git config --local --unset-all 'core.sshCommand' || :"
2026-10-03T06:26:48.4878500Z [command]/usr/bin/git config --local --name-only --get-regexp http\.https\:\/\/github\.com\/\.extraheader
2026-10-03T06:26:48.4903058Z http.https://github.com/.extraheader
2026-10-03T06:26:48.4912045Z [command]/usr/bin/git config --local --unset-all http.https://github.com/.extraheader
2026-10-03T06:26:48.4940355Z [command]/usr/bin/git submodule foreach --recursive sh -c "git config --local --name-only --get-regexp 'http\.https\:\/\/github\.com\/\.extraheader' && git config --local --unset-all 'http.https://github.com/.extraheader' || :"
2026-10-03T06:26:48.5135646Z [command]/usr/bin/git config --local --name-only --get-regexp ^includeIf\.gitdir:
2026-10-03T06:26:48.5164714Z [command]/usr/bin/git submodule foreach --recursive git config --local --show-origin --name-only --get-regexp remote.origin.url
2026-10-03T06:26:48.5530348Z Cleaning up orphan processes
2026-10-03T06:26:48.5820821Z Terminate orphan process: pid (2520) (adb)
2026-10-03T06:26:48.5868320Z ##[warning]Node.js 20 is deprecated. The following actions target Node.js 20 but are being forced to run on Node.js 24: actions/checkout@v4, actions/upload-artifact@v4. For more information see: https://github.blog/changelog/2025-09-19-deprecation-of-node-20-on-github-actions-runners/
