2026-10-03T06:20:26.3617285Z Current runner version: '2.337.0'
2026-10-03T06:20:26.3645162Z ##[group]Runner Image Provisioner
2026-10-03T06:20:26.3646159Z Hosted Compute Agent
2026-10-03T06:20:26.3646872Z Version: 20260901.588
2026-10-03T06:20:26.3647634Z Commit: f88ec8081b781fac6c440065ac7ff9e710ce3d0b
2026-10-03T06:20:26.3648443Z Build Date: 2026-09-01T19:56:44Z
2026-10-03T06:20:26.3649273Z Worker ID: {565b8055-b472-4472-a7d2-7ca36ac8ff0d}
2026-10-03T06:20:26.3650056Z Azure Region: westus
2026-10-03T06:20:26.3651436Z ##[endgroup]
2026-10-03T06:20:26.3653307Z ##[group]Operating System
2026-10-03T06:20:26.3654015Z Ubuntu
2026-10-03T06:20:26.3654703Z 24.04.5
2026-10-03T06:20:26.3655298Z LTS
2026-10-03T06:20:26.3655844Z ##[endgroup]
2026-10-03T06:20:26.3656576Z ##[group]Runner Image
2026-10-03T06:20:26.3657270Z Image: ubuntu-24.04
2026-10-03T06:20:26.3657952Z Version: 20260927.320.1
2026-10-03T06:20:26.3659301Z Included Software: https://github.com/actions/runner-images/blob/ubuntu24/20260927.320/images/ubuntu/Ubuntu2404-Readme.md
2026-10-03T06:20:26.3660970Z Image Release: https://github.com/actions/runner-images/releases/tag/ubuntu24%2F20260927.320
2026-10-03T06:20:26.3662259Z ##[endgroup]
2026-10-03T06:20:26.3663637Z ##[group]GITHUB_TOKEN Permissions
2026-10-03T06:20:26.3666084Z Actions: read
2026-10-03T06:20:26.3666901Z Contents: read
2026-10-03T06:20:26.3667545Z Metadata: read
2026-10-03T06:20:26.3668109Z ##[endgroup]
2026-10-03T06:20:26.3670491Z Secret source: Actions
2026-10-03T06:20:26.3671814Z Cache mode: write
2026-10-03T06:20:26.3672737Z Prepare workflow directory
2026-10-03T06:20:26.4046509Z Prepare all required actions
2026-10-03T06:20:26.4100602Z Getting action download info
2026-10-03T06:20:26.7852107Z Download action repository 'actions/checkout@v4' (SHA:11d5960a326750d5838078e36cf38b85af677262)
2026-10-03T06:20:26.8787278Z Download action repository 'reactivecircus/android-emulator-runner@v2' (SHA:a421e43855164a8197daf9d8d40fe71c6996bb0d)
2026-10-03T06:20:27.2426373Z Download action repository 'actions/upload-artifact@v4' (SHA:ea165f8d65b6e75b540449e92b4886f43607fa02)
2026-10-03T06:20:27.4672073Z Uses: battlesbudz/Jarvis-OS-V2/.github/workflows/android-sandbox.yml@refs/heads/feature/memory-os-overnight-candidate-extraction-20261002-7 (7173b4818114624fb72da6aa72903319778c3049)
2026-10-03T06:20:27.4677999Z Complete job name: Verify signed release in Android sandbox / Release journeys / API 30 / app-release
2026-10-03T06:20:27.5520613Z ##[group]Run actions/checkout@v4
2026-10-03T06:20:27.5521813Z with:
2026-10-03T06:20:27.5522316Z   repository: battlesbudz/Jarvis-OS-V2
2026-10-03T06:20:27.5526378Z   token: ***
2026-10-03T06:20:27.5526865Z   ssh-strict: true
2026-10-03T06:20:27.5527317Z   ssh-user: git
2026-10-03T06:20:27.5527775Z   persist-credentials: true
2026-10-03T06:20:27.5528277Z   clean: true
2026-10-03T06:20:27.5528745Z   sparse-checkout-cone-mode: true
2026-10-03T06:20:27.5529275Z   fetch-depth: 1
2026-10-03T06:20:27.5529734Z   fetch-tags: false
2026-10-03T06:20:27.5530200Z   show-progress: true
2026-10-03T06:20:27.5530654Z   lfs: false
2026-10-03T06:20:27.5531347Z   submodules: false
2026-10-03T06:20:27.5531849Z   set-safe-directory: true
2026-10-03T06:20:27.5532403Z   allow-unsafe-pr-checkout: false
2026-10-03T06:20:27.5533227Z ##[endgroup]
2026-10-03T06:20:27.6593638Z Syncing repository: battlesbudz/Jarvis-OS-V2
2026-10-03T06:20:27.6596681Z ##[group]Getting Git version info
2026-10-03T06:20:27.6598068Z Working directory is '/home/runner/work/Jarvis-OS-V2/Jarvis-OS-V2'
2026-10-03T06:20:27.6599837Z [command]/usr/bin/git version
2026-10-03T06:20:27.6675950Z git version 2.55.0
2026-10-03T06:20:27.6699466Z ##[endgroup]
2026-10-03T06:20:27.6715842Z Temporarily overriding HOME='/home/runner/work/_temp/ad12357b-41ca-4fc7-af93-dae40ebe9084' before making global git config changes
2026-10-03T06:20:27.6718398Z Adding repository directory to the temporary git global config as a safe directory
2026-10-03T06:20:27.6722124Z [command]/usr/bin/git config --global --add safe.directory /home/runner/work/Jarvis-OS-V2/Jarvis-OS-V2
2026-10-03T06:20:27.6777173Z Deleting the contents of '/home/runner/work/Jarvis-OS-V2/Jarvis-OS-V2'
2026-10-03T06:20:27.6781848Z ##[group]Initializing the repository
2026-10-03T06:20:27.6786270Z [command]/usr/bin/git init /home/runner/work/Jarvis-OS-V2/Jarvis-OS-V2
2026-10-03T06:20:27.6900250Z hint: Using 'master' as the name for the initial branch. This default branch name
2026-10-03T06:20:27.6902319Z hint: will change to "main" in Git 3.0. To configure the initial branch name
2026-10-03T06:20:27.6906997Z hint: to use in all of your new repositories, which will suppress this warning,
2026-10-03T06:20:27.6908211Z hint: call:
2026-10-03T06:20:27.6908879Z hint:
2026-10-03T06:20:27.6909690Z hint: 	git config --global init.defaultBranch <name>
2026-10-03T06:20:27.6910672Z hint:
2026-10-03T06:20:27.6911776Z hint: Names commonly chosen instead of 'master' are 'main', 'trunk' and
2026-10-03T06:20:27.6913288Z hint: 'development'. The just-created branch can be renamed via this command:
2026-10-03T06:20:27.6914651Z hint:
2026-10-03T06:20:27.6915328Z hint: 	git branch -m <name>
2026-10-03T06:20:27.6917579Z hint:
2026-10-03T06:20:27.6919093Z hint: Disable this message with "git config set advice.defaultBranchName false"
2026-10-03T06:20:27.6920892Z Initialized empty Git repository in /home/runner/work/Jarvis-OS-V2/Jarvis-OS-V2/.git/
2026-10-03T06:20:27.6924419Z [command]/usr/bin/git remote add origin https://github.com/battlesbudz/Jarvis-OS-V2
2026-10-03T06:20:27.6974622Z ##[endgroup]
2026-10-03T06:20:27.6976246Z ##[group]Disabling automatic garbage collection
2026-10-03T06:20:27.6978908Z [command]/usr/bin/git config --local gc.auto 0
2026-10-03T06:20:27.7015364Z ##[endgroup]
2026-10-03T06:20:27.7016946Z ##[group]Setting up auth
2026-10-03T06:20:27.7025139Z [command]/usr/bin/git config --local --name-only --get-regexp core\.sshCommand
2026-10-03T06:20:27.7070428Z [command]/usr/bin/git submodule foreach --recursive sh -c "git config --local --name-only --get-regexp 'core\.sshCommand' && git config --local --unset-all 'core.sshCommand' || :"
2026-10-03T06:20:27.7459878Z [command]/usr/bin/git config --local --name-only --get-regexp http\.https\:\/\/github\.com\/\.extraheader
2026-10-03T06:20:27.7505658Z [command]/usr/bin/git submodule foreach --recursive sh -c "git config --local --name-only --get-regexp 'http\.https\:\/\/github\.com\/\.extraheader' && git config --local --unset-all 'http.https://github.com/.extraheader' || :"
2026-10-03T06:20:27.7747081Z [command]/usr/bin/git config --local --name-only --get-regexp ^includeIf\.gitdir:
2026-10-03T06:20:27.7788573Z [command]/usr/bin/git submodule foreach --recursive git config --local --show-origin --name-only --get-regexp remote.origin.url
2026-10-03T06:20:27.8041755Z [command]/usr/bin/git config --local http.https://github.com/.extraheader AUTHORIZATION: basic ***
2026-10-03T06:20:27.8094161Z ##[endgroup]
2026-10-03T06:20:27.8095131Z ##[group]Fetching the repository
2026-10-03T06:20:27.8111688Z [command]/usr/bin/git -c protocol.version=2 fetch --no-tags --prune --no-recurse-submodules --depth=1 origin +7173b4818114624fb72da6aa72903319778c3049:refs/remotes/origin/feature/memory-os-overnight-candidate-extraction-20261002-7
2026-10-03T06:20:28.3917401Z From https://github.com/battlesbudz/Jarvis-OS-V2
2026-10-03T06:20:28.3919104Z  * [new ref]         7173b4818114624fb72da6aa72903319778c3049 -> origin/feature/memory-os-overnight-candidate-extraction-20261002-7
2026-10-03T06:20:28.3923397Z ##[endgroup]
2026-10-03T06:20:28.3924880Z ##[group]Determining the checkout info
2026-10-03T06:20:28.3926232Z ##[endgroup]
2026-10-03T06:20:28.3933230Z [command]/usr/bin/git sparse-checkout disable
2026-10-03T06:20:28.3988501Z [command]/usr/bin/git config --local --unset-all extensions.worktreeConfig
2026-10-03T06:20:28.4023960Z ##[group]Checking out the ref
2026-10-03T06:20:28.4032147Z [command]/usr/bin/git checkout --progress --force -B feature/memory-os-overnight-candidate-extraction-20261002-7 refs/remotes/origin/feature/memory-os-overnight-candidate-extraction-20261002-7
2026-10-03T06:20:28.4473354Z Switched to a new branch 'feature/memory-os-overnight-candidate-extraction-20261002-7'
2026-10-03T06:20:28.4482817Z branch 'feature/memory-os-overnight-candidate-extraction-20261002-7' set up to track 'origin/feature/memory-os-overnight-candidate-extraction-20261002-7'.
2026-10-03T06:20:28.4493843Z ##[endgroup]
2026-10-03T06:20:28.4542545Z [command]/usr/bin/git log -1 --format=%H
2026-10-03T06:20:28.4575218Z 7173b4818114624fb72da6aa72903319778c3049
2026-10-03T06:20:28.4849713Z ##[group]Run python3 scripts/verification/artifacts.py fetch --out artifact-manifest.json --repository "$GITHUB_REPOSITORY" --run-id "$GITHUB_RUN_ID"
2026-10-03T06:20:28.4851422Z [36;1mpython3 scripts/verification/artifacts.py fetch --out artifact-manifest.json --repository "$GITHUB_REPOSITORY" --run-id "$GITHUB_RUN_ID"[0m
2026-10-03T06:20:28.4853416Z [36;1mpython3 scripts/verification/artifacts.py select --manifest artifact-manifest.json --run-id "$GITHUB_RUN_ID" --head-sha "$EXPECTED_HEAD" --require 'jarvis-os-v2-release-apk=Build signed release APK' --require 'jarvis-verification-test-apk=Build signed release APK' --require-success --github-output "$GITHUB_OUTPUT"[0m
2026-10-03T06:20:28.5115303Z shell: /usr/bin/bash -e {0}
2026-10-03T06:20:28.5115764Z env:
2026-10-03T06:20:28.5119423Z   GITHUB_TOKEN: ***
2026-10-03T06:20:28.5119829Z   EXPECTED_HEAD: 7173b4818114624fb72da6aa72903319778c3049
2026-10-03T06:20:28.5120260Z ##[endgroup]
2026-10-03T06:20:29.5277570Z 11265968726,11266758173
2026-10-03T06:20:29.5454965Z ##[group]Run python3 scripts/verification/artifacts.py download --manifest artifact-manifest.json --artifact-ids "11265968726,11266758173" --out inputs --layout flat
2026-10-03T06:20:29.5456259Z [36;1mpython3 scripts/verification/artifacts.py download --manifest artifact-manifest.json --artifact-ids "11265968726,11266758173" --out inputs --layout flat[0m
2026-10-03T06:20:29.5523779Z shell: /usr/bin/bash -e {0}
2026-10-03T06:20:29.5524178Z env:
2026-10-03T06:20:29.5527111Z   GITHUB_TOKEN: ***
2026-10-03T06:20:29.5527390Z ##[endgroup]
2026-10-03T06:20:35.5295359Z Downloaded verified artifact IDs: 11265968726,11266758173
2026-10-03T06:20:35.5444298Z ##[group]Run echo 'KERNEL=="kvm", GROUP="kvm", MODE="0666", OPTIONS+="static_node=kvm"' | sudo tee /etc/udev/rules.d/99-jarvis-kvm.rules
2026-10-03T06:20:35.5445200Z [36;1mecho 'KERNEL=="kvm", GROUP="kvm", MODE="0666", OPTIONS+="static_node=kvm"' | sudo tee /etc/udev/rules.d/99-jarvis-kvm.rules[0m
2026-10-03T06:20:35.5445809Z [36;1msudo udevadm control --reload-rules[0m
2026-10-03T06:20:35.5446157Z [36;1msudo udevadm trigger --name-match=kvm[0m
2026-10-03T06:20:35.5508095Z shell: /usr/bin/bash -e {0}
2026-10-03T06:20:35.5508365Z ##[endgroup]
2026-10-03T06:20:35.5657565Z KERNEL=="kvm", GROUP="kvm", MODE="0666", OPTIONS+="static_node=kvm"
2026-10-03T06:20:35.6063974Z ##[group]Run reactivecircus/android-emulator-runner@v2
2026-10-03T06:20:35.6064374Z with:
2026-10-03T06:20:35.6064580Z   api-level: 30
2026-10-03T06:20:35.6064799Z   target: google_apis
2026-10-03T06:20:35.6065035Z   arch: x86_64
2026-10-03T06:20:35.6065258Z   profile: pixel_2
2026-10-03T06:20:35.6065468Z   ram-size: 4096M
2026-10-03T06:20:35.6065668Z   heap-size: 512M
2026-10-03T06:20:35.6065864Z   disk-size: 4096M
2026-10-03T06:20:35.6066075Z   disable-animations: true
2026-10-03T06:20:35.6066323Z   emulator-boot-timeout: 300
2026-10-03T06:20:35.6066787Z   emulator-options: -no-window -gpu swiftshader_indirect -noaudio -no-boot-anim -no-snapshot
2026-10-03T06:20:35.6067996Z   script: python3 scripts/verification/android.py run --apk inputs/app-release.apk --test-apk inputs/app-release-androidTest.apk --out verification-evidence --source-commit "7173b4818114624fb72da6aa72903319778c3049" --pr-head "" --allow-emulator-reset
2026-10-03T06:20:35.6069025Z   cores: 2
2026-10-03T06:20:35.6069253Z   avd-name: test
2026-10-03T06:20:35.6069469Z   force-avd-creation: true
2026-10-03T06:20:35.6069714Z   emulator-port: 5554
2026-10-03T06:20:35.6069948Z   disable-spellchecker: false
2026-10-03T06:20:35.6070207Z   disable-linux-hw-accel: auto
2026-10-03T06:20:35.6070645Z   enable-hw-keyboard: false
2026-10-03T06:20:35.6070877Z   channel: stable
2026-10-03T06:20:35.6071449Z ##[endgroup]
2026-10-03T06:20:35.6648164Z ##[group]Configure emulator
2026-10-03T06:20:35.6650342Z API level: 30
2026-10-03T06:20:35.6650821Z System image API level: 30
2026-10-03T06:20:35.6651594Z target: google_apis
2026-10-03T06:20:35.6652442Z CPU architecture: x86_64
2026-10-03T06:20:35.6653115Z Hardware profile: pixel_2
2026-10-03T06:20:35.6662137Z Cores: 2
2026-10-03T06:20:35.6666559Z RAM size: 4096M
2026-10-03T06:20:35.6666962Z Heap size: 512M
2026-10-03T06:20:35.6667225Z SD card path or size: 
2026-10-03T06:20:35.6667622Z Disk size: 4096M
2026-10-03T06:20:35.6667997Z AVD name: test
2026-10-03T06:20:35.6668476Z force avd creation: true
2026-10-03T06:20:35.6668954Z Emulator boot timeout: 300
2026-10-03T06:20:35.6669333Z emulator port: 5554
2026-10-03T06:20:35.6669769Z emulator options: -no-window -gpu swiftshader_indirect -noaudio -no-boot-anim -no-snapshot
2026-10-03T06:20:35.6670637Z disable animations: true
2026-10-03T06:20:35.6671059Z disable spellchecker: false
2026-10-03T06:20:35.6671771Z disable Linux hardware acceleration: false
2026-10-03T06:20:35.6672078Z enable hardware keyboard: false
2026-10-03T06:20:35.6672325Z Channel: 0 (stable)
2026-10-03T06:20:35.6672525Z Script:
2026-10-03T06:20:35.6673480Z python3 scripts/verification/android.py run --apk inputs/app-release.apk --test-apk inputs/app-release-androidTest.apk --out verification-evidence --source-commit "7173b4818114624fb72da6aa72903319778c3049" --pr-head "" --allow-emulator-reset
2026-10-03T06:20:35.6674523Z Pre emulator launch script:
2026-10-03T06:20:35.6675032Z ##[endgroup]
2026-10-03T06:20:35.6675395Z ##[group]Install Android SDK
2026-10-03T06:20:35.6811505Z [command]/usr/bin/sh -c \yes | sdkmanager --licenses > /dev/null
2026-10-03T06:20:42.8011432Z Installing latest build tools, platform tools, and platform.
2026-10-03T06:20:42.8028244Z [command]/usr/bin/sh -c \sdkmanager --install 'build-tools;37.0.0' platform-tools 'platforms;android-30'> /dev/null
2026-10-03T06:20:48.4266262Z Installing latest emulator.
2026-10-03T06:20:48.4280466Z [command]/usr/bin/sh -c \sdkmanager --install emulator --channel=0 > /dev/null
2026-10-03T06:21:05.1803298Z Installing system images.
2026-10-03T06:21:05.1817187Z [command]/usr/bin/sh -c \sdkmanager --install 'system-images;android-30;google_apis;x86_64' --channel=0 > /dev/null
2026-10-03T06:21:37.3075109Z ##[endgroup]
2026-10-03T06:21:37.3076680Z ##[group]Create AVD
2026-10-03T06:21:37.3102047Z Creating AVD.
2026-10-03T06:21:37.3105249Z [command]/usr/bin/sh -c \echo no | avdmanager create avd --force -n test --package 'system-images;android-30;google_apis;x86_64' --device 'pixel_2'
2026-10-03T06:21:38.1700584Z Loading local repository...                                                     
2026-10-03T06:21:38.1702126Z [=========                              ] 25% Loading local repository...       
2026-10-03T06:21:38.1714201Z [=========                              ] 25% Fetch remote repository...        
2026-10-03T06:21:38.1715146Z [=======================================] 100% Fetch remote repository...       
2026-10-03T06:21:38.6381428Z Auto-selecting single ABI x86_64
2026-10-03T06:21:39.0593149Z [command]/usr/bin/sh -c \printf 'hw.cpu.ncore=2\nhw.ramSize=4096M\nhw.heapSize=512M\ndisk.dataPartition.size=4096M\n' >> /home/runner/.android/avd/test.avd/config.ini
2026-10-03T06:21:39.0617249Z ##[endgroup]
2026-10-03T06:21:39.0642498Z ##[group]Launch Emulator
2026-10-03T06:21:39.0662438Z Starting emulator.
2026-10-03T06:21:39.0663822Z [command]/usr/bin/sh -c \/usr/local/lib/android/sdk/emulator/emulator -port 5554 -avd test -no-window -gpu swiftshader_indirect -noaudio -no-boot-anim -no-snapshot &
2026-10-03T06:21:39.0758656Z INFO         | Android emulator version 37.2.12.0 (build_id 16428233) (CL:N/A)
2026-10-03T06:21:39.0759647Z INFO         | Graphics backend: gfxstream
2026-10-03T06:21:39.0762741Z INFO         | Found systemPath /usr/local/lib/android/sdk/system-images/android-30/google_apis/x86_64/
2026-10-03T06:21:39.1203103Z INFO         | Saving last run QEMU version for the AVD to 2
2026-10-03T06:21:39.1204039Z WARNING      | Please update the emulator to one that supports the feature(s): Vulkan
2026-10-03T06:21:39.1204584Z ##############################################################################
2026-10-03T06:21:39.1205073Z ##                        WARNING - ACTION REQUIRED                         ##
2026-10-03T06:21:39.1205579Z ##  Consider using the '-metrics-collection' flag to help improve the       ##
2026-10-03T06:21:39.1206117Z ##  emulator by sending anonymized usage data. Or use the '-no-metrics'     ##
2026-10-03T06:21:39.1206684Z ##  flag to bypass this warning and turn off the metrics collection.        ##
2026-10-03T06:21:39.1207231Z ##  In a future release this warning will turn into a one-time blocking     ##
2026-10-03T06:21:39.1207782Z ##  prompt to ask for explicit user input regarding metrics collection.     ##
2026-10-03T06:21:39.1208231Z ##                                                                          ##
2026-10-03T06:21:39.1208677Z ##  Please see '-help-metrics-collection' for more details. You can use     ##
2026-10-03T06:21:39.1209221Z ##  '-metrics-to-file' or '-metrics-to-console' flags to see what type of   ##
2026-10-03T06:21:39.1210732Z ##  data is being collected by emulator as part of usage statistics.        ##
2026-10-03T06:21:39.1211890Z ##############################################################################
2026-10-03T06:21:39.1212606Z INFO         | Guest GLES Driver: Auto (ext controls)
2026-10-03T06:21:39.1213520Z INFO         | emuglConfig_init: vulkan_mode_selected:swiftshader gles_mode_selected:swiftshader
2026-10-03T06:21:39.1214443Z INFO         | Checking system compatibility:
2026-10-03T06:21:39.1215165Z INFO         |   Checking: hasSufficientDiskSpace
2026-10-03T06:21:39.1215935Z INFO         |      Ok: Disk space requirements to run avd: `test` are met
2026-10-03T06:21:39.1216681Z INFO         |   Checking: hasSufficientHwGpu
2026-10-03T06:21:39.1217409Z INFO         |      Ok: Hardware GPU compatibility checks are not required
2026-10-03T06:21:39.1218153Z INFO         |   Checking: hasSufficientSystem
2026-10-03T06:21:39.1218846Z INFO         |      Ok: System requirements to run avd: `test` are met
2026-10-03T06:21:39.1220410Z WARNING      | Feature QuickbootFileBacked is disabled due to stability issues, if you really want that, the environment variable ANDROID_EMU_FORCE_QUICKBOOT_FILE_BACKED need to set to 1
2026-10-03T06:21:39.2810451Z WARNING      | FeatureControl is requesting a non existing feature.
2026-10-03T06:21:39.9420688Z ERROR        | Unable to connect to adb daemon on port: 5037
2026-10-03T06:21:39.9432175Z INFO         | Storing crashdata in: /tmp/android-runner/emu-crash-37.2.12.db, detection is enabled for process: 2650
2026-10-03T06:21:39.9433181Z INFO         | Initializing gfxstream backend
2026-10-03T06:21:39.9443789Z INFO         | startOpenglesRendererImpl: gpu info
2026-10-03T06:21:39.9444664Z INFO         | 
2026-10-03T06:21:39.9446927Z INFO         | initIcdPaths: ICD set to 'swiftshader', using Swiftshader ICD
2026-10-03T06:21:39.9448586Z INFO         | Setting ICD filenames for the loader = /usr/local/lib/android/sdk/emulator/lib64/vulkan/vk_swiftshader_icd.json
2026-10-03T06:21:39.9455287Z INFO         | SharedLibrary::open for [/usr/local/lib/android/sdk/emulator/qemu/linux-x86_64/lib64/vulkan/libvulkan.so]
2026-10-03T06:21:39.9457059Z INFO         | SharedLibrary::open for [/usr/local/lib/android/sdk/emulator/qemu/linux-x86_64/lib64/vulkan/libvulkan.so.1]
2026-10-03T06:21:39.9458615Z INFO         | SharedLibrary::open for [/usr/local/lib/android/sdk/emulator/lib64/vulkan/libvulkan.so]
2026-10-03T06:21:39.9459965Z INFO         | Added library: /usr/local/lib/android/sdk/emulator/lib64/vulkan/libvulkan.so
2026-10-03T06:21:39.9517793Z INFO         | Selecting Vulkan device: SwiftShader Device (Subzero), Version: 1.3.0
2026-10-03T06:21:39.9518409Z INFO         | Using Vulkan externalMemoryMode: OpaqueFd for VkEmulation
2026-10-03T06:21:39.9655002Z INFO         | Format VK_FORMAT_G10X6_B10X6R10X6_2PLANE_422_UNORM_3PACK16 does not support YCbCr sampler conversion
2026-10-03T06:21:39.9686514Z INFO         | SharedLibrary::open for [libX11]
2026-10-03T06:21:39.9687597Z WARNING      | Could not open libX11.so, try libX11.so.6
2026-10-03T06:21:39.9688268Z INFO         | SharedLibrary::open for [libX11.so.6]
2026-10-03T06:21:39.9689077Z INFO         | SharedLibrary::open for [libX11-xcb]
2026-10-03T06:21:39.9690154Z WARNING      | Could not open libX11-xcb.so, try libX11-xcb.so.1
2026-10-03T06:21:39.9690667Z INFO         | SharedLibrary::open for [libX11-xcb.so.1]
2026-10-03T06:21:39.9798449Z INFO         | Initializing VkEmulation features:
2026-10-03T06:21:39.9799243Z INFO         |     glInteropSupported: false
2026-10-03T06:21:39.9799849Z INFO         |     useDeferredCommands: true
2026-10-03T06:21:39.9800548Z INFO         |     createResourceWithRequirements: true
2026-10-03T06:21:39.9801031Z INFO         |     useVulkanComposition: false
2026-10-03T06:21:39.9802111Z INFO         |     useVulkanNativeSwapchain: false
2026-10-03T06:21:39.9802826Z INFO         |     enable guestRenderDoc: false
2026-10-03T06:21:39.9803480Z INFO         |     ASTC LDR emulation mode: Gpu
2026-10-03T06:21:39.9803927Z INFO         |     enable ETC2 emulation: true
2026-10-03T06:21:39.9804319Z INFO         |     enable Ycbcr emulation: false
2026-10-03T06:21:39.9804708Z INFO         |     guestVulkanOnly: false
2026-10-03T06:21:39.9805292Z INFO         |     useDedicatedAllocations: false
2026-10-03T06:21:39.9805993Z INFO         |     guestVulkanMaxApiVersion: 1.3.0
2026-10-03T06:21:39.9806746Z INFO         |     enableProtectedMemoryEmulation: false
2026-10-03T06:21:39.9807548Z INFO         | Graphics Adapter Vendor Google (Google Inc.)
2026-10-03T06:21:39.9808375Z INFO         | Graphics Adapter Android Emulator OpenGL ES Translator (Google SwiftShader)
2026-10-03T06:21:39.9809334Z INFO         | Graphics API Version OpenGL ES 3.0 (OpenGL ES 3.0 SwiftShader 4.0.0.1)
2026-10-03T06:21:39.9812284Z INFO         | Graphics API Extensions GL_OES_EGL_sync GL_OES_EGL_image GL_OES_EGL_image_external GL_OES_depth24 GL_OES_depth32 GL_OES_element_index_uint GL_OES_texture_float GL_OES_texture_float_linear GL_OES_compressed_paletted_texture GL_OES_compressed_ETC1_RGB8_texture GL_OES_depth_texture GL_OES_texture_half_float GL_OES_texture_half_float_linear GL_OES_packed_depth_stencil GL_OES_vertex_half_float GL_OES_standard_derivatives GL_OES_texture_npot GL_OES_rgb8_rgba8 GL_EXT_color_buffer_float GL_EXT_color_buffer_half_float GL_EXT_texture_format_BGRA8888 GL_APPLE_texture_format_BGRA8888 
2026-10-03T06:21:39.9815627Z INFO         | Graphics Device Extensions N/A
2026-10-03T06:21:39.9816600Z INFO         | Disabling sparse binding feature support
2026-10-03T06:21:39.9882427Z INFO         | Userspace boot properties:
2026-10-03T06:21:39.9885189Z INFO         |   android.bootanim=0
2026-10-03T06:21:39.9885643Z INFO         |   android.qemud=1
2026-10-03T06:21:39.9886323Z INFO         |   androidboot.boot_devices=pci0000:00/0000:00:03.0 pci0000:00/0000:00:06.0
2026-10-03T06:21:39.9887070Z INFO         |   androidboot.hardware=ranchu
2026-10-03T06:21:39.9887607Z INFO         |   androidboot.hardware.vulkan=ranchu
2026-10-03T06:21:39.9888203Z INFO         |   androidboot.serialno=EMULATOR37X2X12X0
2026-10-03T06:21:39.9889146Z INFO         |   androidboot.vbmeta.digest=fe75c2a5d8acc56679b9ff248d9bbb4830bcd72c5bca68461d9e9de20914a4e1
2026-10-03T06:21:39.9890088Z INFO         |   androidboot.vbmeta.hash_alg=sha256
2026-10-03T06:21:39.9890651Z INFO         |   androidboot.vbmeta.size=6144
2026-10-03T06:21:39.9891393Z INFO         |   qemu=1
2026-10-03T06:21:39.9891811Z INFO         |   qemu.avd_name=test
2026-10-03T06:21:39.9892306Z INFO         |   qemu.camera_hq_edge_processing=0
2026-10-03T06:21:39.9892855Z INFO         |   qemu.camera_protocol_ver=1
2026-10-03T06:21:39.9893378Z INFO         |   qemu.dalvik.vm.heapsize=576m
2026-10-03T06:21:39.9894139Z INFO         |   qemu.encrypt=1
2026-10-03T06:21:39.9894565Z INFO         |   qemu.gles=1
2026-10-03T06:21:39.9894992Z INFO         |   qemu.gltransport=pipe
2026-10-03T06:21:39.9895543Z INFO         |   qemu.gltransport.drawFlushInterval=800
2026-10-03T06:21:39.9896106Z INFO         |   qemu.hwcodec.avcdec=2
2026-10-03T06:21:39.9896807Z INFO         |   qemu.hwcodec.hevcdec=2
2026-10-03T06:21:39.9897468Z INFO         |   qemu.hwcodec.vpxdec=2
2026-10-03T06:21:39.9898064Z INFO         |   qemu.opengles.version=196608
2026-10-03T06:21:39.9898822Z INFO         |   qemu.settings.system.screen_off_timeout=2147483647
2026-10-03T06:21:39.9899505Z INFO         |   qemu.skin=1080x1920
2026-10-03T06:21:39.9900094Z INFO         |   qemu.uirenderer=skiagl
2026-10-03T06:21:39.9900668Z INFO         |   qemu.virtiowifi=1
2026-10-03T06:21:39.9901413Z INFO         |   qemu.vsync=60
2026-10-03T06:21:40.0064061Z WARNING: cannnot unmap ptr 0x7fda5fa01000 as it is in the protected range from 0x7fd95fa00000 to 0x7fda5fc00000
2026-10-03T06:21:40.0073422Z pc_memory_init: above 4g size: 40000000
2026-10-03T06:21:40.0232226Z INFO         | Monitoring duration of emulator setup.
2026-10-03T06:21:41.0812178Z INFO         | Successfully initialized netsim WiFi
2026-10-03T06:21:41.0830873Z INFO         | Setting display: 0 configuration to: 1080x1920, dpi: 420x420 
2026-10-03T06:21:41.0831872Z INFO         | setDisplayActiveConfig: id:0, 1080x1920
2026-10-03T06:21:41.0832593Z INFO         | emulatorSetupEnvironment: Environment scene is not required
2026-10-03T06:21:41.0899613Z USER_INFO    | Emulator is performing a full startup. This may take upto two minutes, or more.
2026-10-03T06:21:41.0902703Z WARNING      | Failed to process .ini file /home/runner/.android/emu-update-last-check.ini for reading.
2026-10-03T06:21:41.2367841Z WARNING      | Failed to process .ini file /home/runner/.android/emu-update-last-check.ini for reading.
2026-10-03T06:21:49.0683422Z [command]/usr/local/lib/android/sdk/platform-tools/adb -s emulator-5554 shell getprop sys.boot_completed
2026-10-03T06:21:49.0713947Z * daemon not running; starting now at tcp:5037
2026-10-03T06:21:49.2518324Z * daemon started successfully
2026-10-03T06:21:49.2518946Z adb: device offline
2026-10-03T06:21:49.2526769Z The process '/usr/local/lib/android/sdk/platform-tools/adb' failed with exit code 1
2026-10-03T06:21:51.2557106Z [command]/usr/local/lib/android/sdk/platform-tools/adb -s emulator-5554 shell getprop sys.boot_completed
2026-10-03T06:21:51.2598718Z adb: device offline
2026-10-03T06:21:51.2606171Z The process '/usr/local/lib/android/sdk/platform-tools/adb' failed with exit code 1
2026-10-03T06:21:53.2653129Z [command]/usr/local/lib/android/sdk/platform-tools/adb -s emulator-5554 shell getprop sys.boot_completed
2026-10-03T06:21:53.2692743Z adb: device offline
2026-10-03T06:21:53.2698793Z The process '/usr/local/lib/android/sdk/platform-tools/adb' failed with exit code 1
2026-10-03T06:21:55.2747828Z [command]/usr/local/lib/android/sdk/platform-tools/adb -s emulator-5554 shell getprop sys.boot_completed
2026-10-03T06:21:55.2798052Z adb: device offline
2026-10-03T06:21:55.2807975Z The process '/usr/local/lib/android/sdk/platform-tools/adb' failed with exit code 1
2026-10-03T06:21:57.2844898Z [command]/usr/local/lib/android/sdk/platform-tools/adb -s emulator-5554 shell getprop sys.boot_completed
2026-10-03T06:21:57.2945801Z 
2026-10-03T06:21:59.2994857Z [command]/usr/local/lib/android/sdk/platform-tools/adb -s emulator-5554 shell getprop sys.boot_completed
2026-10-03T06:21:59.3252037Z 
2026-10-03T06:22:01.3326856Z [command]/usr/local/lib/android/sdk/platform-tools/adb -s emulator-5554 shell getprop sys.boot_completed
2026-10-03T06:22:01.3527897Z 
2026-10-03T06:22:03.3583021Z [command]/usr/local/lib/android/sdk/platform-tools/adb -s emulator-5554 shell getprop sys.boot_completed
2026-10-03T06:22:03.3789287Z 
2026-10-03T06:22:05.3832735Z [command]/usr/local/lib/android/sdk/platform-tools/adb -s emulator-5554 shell getprop sys.boot_completed
2026-10-03T06:22:05.4464867Z 
2026-10-03T06:22:07.4760473Z [command]/usr/local/lib/android/sdk/platform-tools/adb -s emulator-5554 shell getprop sys.boot_completed
2026-10-03T06:22:08.0452571Z 1
2026-10-03T06:22:08.0513133Z Emulator booted.
2026-10-03T06:22:08.0632473Z [command]/usr/local/lib/android/sdk/platform-tools/adb -s emulator-5554 shell input keyevent 82
2026-10-03T06:22:10.2676518Z Disabling animations.
2026-10-03T06:22:10.2766847Z [command]/usr/local/lib/android/sdk/platform-tools/adb -s emulator-5554 shell settings put global window_animation_scale 0.0
2026-10-03T06:22:10.4562763Z [command]/usr/local/lib/android/sdk/platform-tools/adb -s emulator-5554 shell settings put global transition_animation_scale 0.0
2026-10-03T06:22:10.8542962Z [command]/usr/local/lib/android/sdk/platform-tools/adb -s emulator-5554 shell settings put global animator_duration_scale 0.0
2026-10-03T06:22:11.2846449Z ##[endgroup]
2026-10-03T06:22:11.2893248Z [command]/usr/bin/sh -c python3 scripts/verification/android.py run --apk inputs/app-release.apk --test-apk inputs/app-release-androidTest.apk --out verification-evidence --source-commit "7173b4818114624fb72da6aa72903319778c3049" --pr-head "" --allow-emulator-reset
2026-10-03T06:22:12.1662064Z INFO         | Boot completed in 33060 ms
2026-10-03T06:22:12.1672070Z INFO         | Increasing screen off timeout, logcat buffer size to 2M.
2026-10-03T06:26:40.6664247Z {
2026-10-03T06:26:40.6664852Z   "schema": 1,
2026-10-03T06:26:40.6665576Z   "passed": true,
2026-10-03T06:26:40.6666243Z   "source_commit": "7173b4818114624fb72da6aa72903319778c3049",
2026-10-03T06:26:40.6667021Z   "pr_head": "",
2026-10-03T06:26:40.6667820Z   "run_url": "https://github.com/battlesbudz/Jarvis-OS-V2/actions/runs/37101689875",
2026-10-03T06:26:40.6668874Z   "coverage": "release UI + Android actions; no model inference",
2026-10-03T06:26:40.6669646Z   "not_covered": [
2026-10-03T06:26:40.6670315Z     "Real-model inference and model-generated tool selection",
2026-10-03T06:26:40.6671555Z     "Microphone, speaker, Bluetooth and acoustic interruption behavior",
2026-10-03T06:26:40.6672725Z     "Physical-device GPU/NPU compatibility, thermal behavior and latency",
2026-10-03T06:26:40.6673647Z     "Successful multi-gigabyte model download/import",
2026-10-03T06:26:40.6674424Z     "Real-model use of approved memory recall"
2026-10-03T06:26:40.6675080Z   ],
2026-10-03T06:26:40.6675683Z   "device_evidence_folder": "jarvis-verification-1791008531392213972",
2026-10-03T06:26:40.6676442Z   "errors": [],
2026-10-03T06:26:40.6677277Z   "apk_sha256": "260986121bf9fa75a814a1df55b4695a46eb377168868139c460bfd696977430",
2026-10-03T06:26:40.6678442Z   "test_apk_sha256": "94b1520581d78757d0be661289d4f71d6a673f04ac55a0f8aefd414c87e70c6b",
2026-10-03T06:26:40.6679407Z   "device": {
2026-10-03T06:26:40.6680379Z     "abi": "x86_64,x86,arm64-v8a,armeabi-v7a,armeabi",
2026-10-03T06:26:40.6681561Z     "api": "30",
2026-10-03T06:26:40.6683106Z     "fingerprint": "google/sdk_gphone_x86_64/generic_x86_64_arm64:11/RSR1.240422.006/12134477:userdebug/dev-keys",
2026-10-03T06:26:40.6684260Z     "native_bridge": "libndk_translation.so"
2026-10-03T06:26:40.6684966Z   },
2026-10-03T06:26:40.6685475Z   "instrumentation": {
2026-10-03T06:26:40.6686042Z     "passed": true,
2026-10-03T06:26:40.6686591Z     "tests": {
2026-10-03T06:26:40.6687176Z       "test01_setupRequiresAnInstalledModel": 0,
2026-10-03T06:26:40.6687976Z       "test02_searchHasAnHonestEmptyState": 0,
2026-10-03T06:26:40.6688783Z       "test03_browsingDoesNotChangeTheSelectedModel": 0,
2026-10-03T06:26:40.6689497Z       "test04_batteryToolReadsAndroid": 0,
2026-10-03T06:26:40.6690306Z       "test05_volumeToolChangesAndroidAndRejectsBadInput": 0,
2026-10-03T06:26:40.6691339Z       "test06_missingAppReturnsFailure": 0,
2026-10-03T06:26:40.6692052Z       "test07_settingsToolOpensAndroidSettings": 0,
2026-10-03T06:26:40.6692898Z       "test08_rejectedToolSequencePreservesAndroidVolume": 0,
2026-10-03T06:26:40.6693773Z       "test09_repeatedVolumeRequestIsIdempotent": 0,
2026-10-03T06:26:40.6694789Z       "test10_modelIssueWarningPrecedesSelectionAndCancelPreservesModel": 0,
2026-10-03T06:26:40.6696236Z       "test11_modelDetailsAreOptionalAndDoNotChangeSelection": 0,
2026-10-03T06:26:40.6697115Z       "test12_lastFamilyModelCanBeSelectedAboveNavigationBar": 0,
2026-10-03T06:26:40.6698203Z       "test13_imageAttachmentIsResizedStoredAndInvalidInputRejected": 0,
2026-10-03T06:26:40.6702527Z       "test14_threeActionTurnUsesRealAndroidState": 0,
2026-10-03T06:26:40.6711624Z       "test15_invalidActionTurnPreservesAndroidState": 0,
2026-10-03T06:26:40.6712559Z       "test16_partialFailureKeepsCompletedAndroidAction": 0,
2026-10-03T06:26:40.6713456Z       "test17_cancelledAndDuplicateActionTurnsDoNotReplay": 0,
2026-10-03T06:26:40.6714452Z       "test18_naturalActionRoutingOpensSettingsThenReadsBattery": 0,
2026-10-03T06:26:40.6715401Z       "test19_retryLiteralUnknownAppStopsWithoutBattery": 0,
2026-10-03T06:26:40.6716318Z       "test20_followupQueuesWhileAcceptedAndroidActionRuns": 0,
2026-10-03T06:26:40.6717293Z       "test21_speechInterruptionPreservesAcceptedAndroidActions": 0,
2026-10-03T06:26:40.6718333Z       "test22_explicitCancellationKeepsCompletedAndroidReceipts": 0,
2026-10-03T06:26:40.6719288Z       "test23_actionResultsSurviveEndCallWithoutReplay": 0,
2026-10-03T06:26:40.6720215Z       "test24_memoryManagerReviewsCorrectsSearchesAndErases": 0,
2026-10-03T06:26:40.6721637Z       "test25_finalizedTextAndVoiceMemoryNeedsApprovalBeforePromptUse": 0,
2026-10-03T06:26:40.6722721Z       "test26_memoryCorrectionAndEraseRefreshApprovedPacket": 0,
2026-10-03T06:26:40.6723781Z       "test27_controlledConversationSurfaceKeepsCallUntilExplicitEnd": 0,
2026-10-03T06:26:40.6724882Z       "test28_voiceNavigationRetainsCallIdUntilExplicitEnd": 0,
2026-10-03T06:26:40.6725911Z       "test29_eachAssistantReplyKeepsPersistedMetricsAcrossReload": 0,
2026-10-03T06:26:40.6727008Z       "test30_sqliteMigrationPreservesHistoryAndEraseAcrossReopen": 0,
2026-10-03T06:26:40.6728011Z       "test31_sqliteCorruptMigrationAndFailedEraseDoNotLoseData": 0,
2026-10-03T06:26:40.6729016Z       "test32_sqliteExceedsLegacyByteLimitAndSerializesSeparateWriters": 0,
2026-10-03T06:26:40.6730105Z       "test33_sourceArchiveRetainsExplicitHistoryAndExpiresWithoutFactLoss": 0,
2026-10-03T06:26:40.6731535Z       "test34_sourceArchiveUpgradesV1RejectsSecretsAndRollsBackFailure": 0,
2026-10-03T06:26:40.6732795Z       "test35_referencePdfExtractionAndPendingAcknowledgmentUseReleaseCode": 0,
2026-10-03T06:26:40.6733773Z       "test36_sourceCopyPrivacySurvivesPersistenceAndExpiry": 0,
2026-10-03T06:26:40.6734849Z       "test37_localExtractionJobsAcceptSupportedFactsAndFenceSensitiveRecall": 0,
2026-10-03T06:26:40.6735996Z       "test38_extractionFifthCancellationRefundSurvivesReopenAndStaleLease": 0,
2026-10-03T06:26:40.6737321Z       "test90_modelSelectionPersistsAcrossRecreation": 0
2026-10-03T06:26:40.6738025Z     },
2026-10-03T06:26:40.6738696Z     "errors": []
2026-10-03T06:26:40.6739264Z   },
2026-10-03T06:26:40.6739778Z   "process_restart": "passed"
2026-10-03T06:26:40.6740358Z }
2026-10-03T06:26:40.6762093Z ##[group]Terminate Emulator
2026-10-03T06:26:40.6781712Z [command]/usr/local/lib/android/sdk/platform-tools/adb -s emulator-5554 emu kill
2026-10-03T06:26:40.6847717Z OK: killing emulator, bye bye
2026-10-03T06:26:40.6848275Z OK
2026-10-03T06:26:40.6849608Z INFO         | Wait for emulator (pid 2650) 20 seconds to shutdown gracefully before kill;you can set environment variable ANDROID_EMULATOR_WAIT_TIME_BEFORE_KILL(in seconds) to change the default value (20 seconds)
2026-10-03T06:26:40.6850921Z 
2026-10-03T06:26:40.6854660Z ##[endgroup]
2026-10-03T06:26:40.6966802Z USER_INFO    | Snapshots have been disabled by the user, save request is ignored.
2026-10-03T06:26:40.6968038Z INFO         | Saving snapshot 'default_boot' took 0 ms
2026-10-03T06:26:41.1911785Z ERROR        | stop: Not implemented
2026-10-03T06:26:41.1912855Z WARNING      | Emulator client has not yet been configured.. Call configure me first!
2026-10-03T06:26:41.2103009Z INFO         | removeAll
2026-10-03T06:26:41.2460953Z WARNING      | Netsim Wifi dns:///localhost:34785 is gone due to Stream removed (CANCELLED)
2026-10-03T06:26:41.5442709Z ##[group]Run actions/upload-artifact@v4
2026-10-03T06:26:41.5443020Z with:
2026-10-03T06:26:41.5443259Z   name: jarvis-verification-api-30-app-release
2026-10-03T06:26:41.5443578Z   path: verification-evidence/
2026-10-03T06:26:41.5443825Z   retention-days: 14
2026-10-03T06:26:41.5444042Z   if-no-files-found: warn
2026-10-03T06:26:41.5444270Z   compression-level: 6
2026-10-03T06:26:41.5444482Z   overwrite: false
2026-10-03T06:26:41.5444692Z   include-hidden-files: false
2026-10-03T06:26:41.5444922Z env:
2026-10-03T06:26:41.5445132Z   ANDROID_AVD_HOME: /home/runner/.android/avd
2026-10-03T06:26:41.5445411Z ##[endgroup]
2026-10-03T06:26:41.7274276Z (node:4176) [DEP0040] DeprecationWarning: The `punycode` module is deprecated. Please use a userland alternative instead.
2026-10-03T06:26:41.7275587Z (Use `node --trace-deprecation ...` to show where the warning was created)
2026-10-03T06:26:41.7545471Z With the provided path, there will be 102 files uploaded
2026-10-03T06:26:41.7554906Z Artifact name is valid!
2026-10-03T06:26:41.7555475Z Root directory input is valid!
2026-10-03T06:26:42.1591978Z Beginning upload of artifact content to blob storage
2026-10-03T06:26:42.5333914Z (node:4176) [DEP0169] DeprecationWarning: `url.parse()` behavior is not standardized and prone to errors that have security implications. Use the WHATWG URL API instead. CVEs are not issued for `url.parse()` vulnerabilities.
2026-10-03T06:26:43.4127242Z Uploaded bytes 6450378
2026-10-03T06:26:43.4913167Z Finished uploading artifact content to blob storage!
2026-10-03T06:26:43.4914557Z SHA256 digest of uploaded artifact zip is 52d0bbde66411b8db4c72dab1af76ff8cf4c2b1c52ded894565e83fadf141d41
2026-10-03T06:26:43.4916281Z Finalizing artifact upload
2026-10-03T06:26:43.7610322Z Artifact jarvis-verification-api-30-app-release.zip successfully finalized. Artifact ID 11266619120
2026-10-03T06:26:43.7612287Z Artifact jarvis-verification-api-30-app-release has been successfully uploaded! Final size is 6450378 bytes. Artifact ID is 11266619120
2026-10-03T06:26:43.7617947Z Artifact download URL: https://github.com/battlesbudz/Jarvis-OS-V2/actions/runs/37101689875/artifacts/11266619120
2026-10-03T06:26:43.7758481Z ##[group]Run if [ -f verification-evidence/summary.md ]; then
2026-10-03T06:26:43.7758975Z [36;1mif [ -f verification-evidence/summary.md ]; then[0m
2026-10-03T06:26:43.7759425Z [36;1m  cat verification-evidence/summary.md >> "$GITHUB_STEP_SUMMARY"[0m
2026-10-03T06:26:43.7759812Z [36;1melse[0m
2026-10-03T06:26:43.7760245Z [36;1m  echo 'FAIL: emulator infrastructure did not produce a verification report.' >> "$GITHUB_STEP_SUMMARY"[0m
2026-10-03T06:26:43.7760728Z [36;1mfi[0m
2026-10-03T06:26:43.7826086Z shell: /usr/bin/bash -e {0}
2026-10-03T06:26:43.7826353Z env:
2026-10-03T06:26:43.7826605Z   ANDROID_AVD_HOME: /home/runner/.android/avd
2026-10-03T06:26:43.7826899Z ##[endgroup]
2026-10-03T06:26:43.8029829Z Post job cleanup.
2026-10-03T06:26:43.8937595Z [command]/usr/bin/git version
2026-10-03T06:26:43.8987013Z git version 2.55.0
2026-10-03T06:26:43.9034431Z Temporarily overriding HOME='/home/runner/work/_temp/b8109561-7ddd-40cd-9d43-8387d102e83c' before making global git config changes
2026-10-03T06:26:43.9036134Z Adding repository directory to the temporary git global config as a safe directory
2026-10-03T06:26:43.9041893Z [command]/usr/bin/git config --global --add safe.directory /home/runner/work/Jarvis-OS-V2/Jarvis-OS-V2
2026-10-03T06:26:43.9086977Z [command]/usr/bin/git config --local --name-only --get-regexp core\.sshCommand
2026-10-03T06:26:43.9127216Z [command]/usr/bin/git submodule foreach --recursive sh -c "git config --local --name-only --get-regexp 'core\.sshCommand' && git config --local --unset-all 'core.sshCommand' || :"
2026-10-03T06:26:43.9400624Z [command]/usr/bin/git config --local --name-only --get-regexp http\.https\:\/\/github\.com\/\.extraheader
2026-10-03T06:26:43.9448570Z http.https://github.com/.extraheader
2026-10-03T06:26:43.9462051Z [command]/usr/bin/git config --local --unset-all http.https://github.com/.extraheader
2026-10-03T06:26:43.9503870Z [command]/usr/bin/git submodule foreach --recursive sh -c "git config --local --name-only --get-regexp 'http\.https\:\/\/github\.com\/\.extraheader' && git config --local --unset-all 'http.https://github.com/.extraheader' || :"
2026-10-03T06:26:43.9810813Z [command]/usr/bin/git config --local --name-only --get-regexp ^includeIf\.gitdir:
2026-10-03T06:26:43.9862746Z [command]/usr/bin/git submodule foreach --recursive git config --local --show-origin --name-only --get-regexp remote.origin.url
2026-10-03T06:26:44.0363211Z Cleaning up orphan processes
2026-10-03T06:26:44.0727416Z Terminate orphan process: pid (2731) (adb)
2026-10-03T06:26:44.0778532Z ##[warning]Node.js 20 is deprecated. The following actions target Node.js 20 but are being forced to run on Node.js 24: actions/checkout@v4, actions/upload-artifact@v4. For more information see: https://github.blog/changelog/2025-09-19-deprecation-of-node-20-on-github-actions-runners/
