2026-10-03T05:49:54.4173677Z Current runner version: '2.337.0'
2026-10-03T05:49:54.4189846Z ##[group]Runner Image Provisioner
2026-10-03T05:49:54.4190360Z Hosted Compute Agent
2026-10-03T05:49:54.4190759Z Version: 20260901.588
2026-10-03T05:49:54.4191158Z Commit: f88ec8081b781fac6c440065ac7ff9e710ce3d0b
2026-10-03T05:49:54.4191600Z Build Date: 2026-09-01T19:56:44Z
2026-10-03T05:49:54.4192029Z Worker ID: {2c485843-f7e4-44ce-8779-16478019fe57}
2026-10-03T05:49:54.4192749Z Azure Region: centralus
2026-10-03T05:49:54.4193256Z ##[endgroup]
2026-10-03T05:49:54.4194421Z ##[group]Operating System
2026-10-03T05:49:54.4194896Z Ubuntu
2026-10-03T05:49:54.4195463Z 24.04.5
2026-10-03T05:49:54.4195883Z LTS
2026-10-03T05:49:54.4196636Z ##[endgroup]
2026-10-03T05:49:54.4197157Z ##[group]Runner Image
2026-10-03T05:49:54.4197650Z Image: ubuntu-24.04
2026-10-03T05:49:54.4198243Z Version: 20260927.320.1
2026-10-03T05:49:54.4199288Z Included Software: https://github.com/actions/runner-images/blob/ubuntu24/20260927.320/images/ubuntu/Ubuntu2404-Readme.md
2026-10-03T05:49:54.4200683Z Image Release: https://github.com/actions/runner-images/releases/tag/ubuntu24%2F20260927.320
2026-10-03T05:49:54.4201480Z ##[endgroup]
2026-10-03T05:49:54.4202725Z ##[group]GITHUB_TOKEN Permissions
2026-10-03T05:49:54.4204420Z Actions: read
2026-10-03T05:49:54.4205013Z Contents: read
2026-10-03T05:49:54.4205477Z Metadata: read
2026-10-03T05:49:54.4206005Z ##[endgroup]
2026-10-03T05:49:54.4208019Z Secret source: Actions
2026-10-03T05:49:54.4208833Z Cache mode: write
2026-10-03T05:49:54.4209414Z Prepare workflow directory
2026-10-03T05:49:54.4410321Z Prepare all required actions
2026-10-03T05:49:54.4440288Z Getting action download info
2026-10-03T05:49:54.6598510Z Download action repository 'actions/checkout@v4' (SHA:11d5960a326750d5838078e36cf38b85af677262)
2026-10-03T05:49:54.7562904Z Download action repository 'actions/upload-artifact@v4' (SHA:ea165f8d65b6e75b540449e92b4886f43607fa02)
2026-10-03T05:49:54.9686402Z Complete job name: Consolidate exact-build verification evidence
2026-10-03T05:49:55.0153444Z ##[group]Run actions/checkout@v4
2026-10-03T05:49:55.0153895Z with:
2026-10-03T05:49:55.0154169Z   repository: battlesbudz/Jarvis-OS-V2
2026-10-03T05:49:55.0156335Z   token: ***
2026-10-03T05:49:55.0156588Z   ssh-strict: true
2026-10-03T05:49:55.0156848Z   ssh-user: git
2026-10-03T05:49:55.0157116Z   persist-credentials: true
2026-10-03T05:49:55.0157407Z   clean: true
2026-10-03T05:49:55.0157674Z   sparse-checkout-cone-mode: true
2026-10-03T05:49:55.0157976Z   fetch-depth: 1
2026-10-03T05:49:55.0158228Z   fetch-tags: false
2026-10-03T05:49:55.0158494Z   show-progress: true
2026-10-03T05:49:55.0158760Z   lfs: false
2026-10-03T05:49:55.0159006Z   submodules: false
2026-10-03T05:49:55.0159279Z   set-safe-directory: true
2026-10-03T05:49:55.0159572Z   allow-unsafe-pr-checkout: false
2026-10-03T05:49:55.0159943Z ##[endgroup]
2026-10-03T05:49:55.0834825Z Syncing repository: battlesbudz/Jarvis-OS-V2
2026-10-03T05:49:55.0836349Z ##[group]Getting Git version info
2026-10-03T05:49:55.0837126Z Working directory is '/home/runner/work/Jarvis-OS-V2/Jarvis-OS-V2'
2026-10-03T05:49:55.0838169Z [command]/usr/bin/git version
2026-10-03T05:49:55.0908685Z git version 2.55.0
2026-10-03T05:49:55.0919247Z ##[endgroup]
2026-10-03T05:49:55.0931100Z Temporarily overriding HOME='/home/runner/work/_temp/14a6908b-3aca-4008-b05b-0c38bf5e3d64' before making global git config changes
2026-10-03T05:49:55.0932613Z Adding repository directory to the temporary git global config as a safe directory
2026-10-03T05:49:55.0935506Z [command]/usr/bin/git config --global --add safe.directory /home/runner/work/Jarvis-OS-V2/Jarvis-OS-V2
2026-10-03T05:49:55.0988617Z Deleting the contents of '/home/runner/work/Jarvis-OS-V2/Jarvis-OS-V2'
2026-10-03T05:49:55.0990958Z ##[group]Initializing the repository
2026-10-03T05:49:55.0994280Z [command]/usr/bin/git init /home/runner/work/Jarvis-OS-V2/Jarvis-OS-V2
2026-10-03T05:49:55.1109341Z hint: Using 'master' as the name for the initial branch. This default branch name
2026-10-03T05:49:55.1111538Z hint: will change to "main" in Git 3.0. To configure the initial branch name
2026-10-03T05:49:55.1113155Z hint: to use in all of your new repositories, which will suppress this warning,
2026-10-03T05:49:55.1114244Z hint: call:
2026-10-03T05:49:55.1114614Z hint:
2026-10-03T05:49:55.1115102Z hint: 	git config --global init.defaultBranch <name>
2026-10-03T05:49:55.1115691Z hint:
2026-10-03T05:49:55.1116247Z hint: Names commonly chosen instead of 'master' are 'main', 'trunk' and
2026-10-03T05:49:55.1117155Z hint: 'development'. The just-created branch can be renamed via this command:
2026-10-03T05:49:55.1117976Z hint:
2026-10-03T05:49:55.1118595Z hint: 	git branch -m <name>
2026-10-03T05:49:55.1119435Z hint:
2026-10-03T05:49:55.1120146Z hint: Disable this message with "git config set advice.defaultBranchName false"
2026-10-03T05:49:55.1121160Z Initialized empty Git repository in /home/runner/work/Jarvis-OS-V2/Jarvis-OS-V2/.git/
2026-10-03T05:49:55.1124328Z [command]/usr/bin/git remote add origin https://github.com/battlesbudz/Jarvis-OS-V2
2026-10-03T05:49:55.1174237Z ##[endgroup]
2026-10-03T05:49:55.1175006Z ##[group]Disabling automatic garbage collection
2026-10-03T05:49:55.1177104Z [command]/usr/bin/git config --local gc.auto 0
2026-10-03T05:49:55.1207201Z ##[endgroup]
2026-10-03T05:49:55.1207909Z ##[group]Setting up auth
2026-10-03T05:49:55.1213105Z [command]/usr/bin/git config --local --name-only --get-regexp core\.sshCommand
2026-10-03T05:49:55.1242001Z [command]/usr/bin/git submodule foreach --recursive sh -c "git config --local --name-only --get-regexp 'core\.sshCommand' && git config --local --unset-all 'core.sshCommand' || :"
2026-10-03T05:49:55.1532614Z [command]/usr/bin/git config --local --name-only --get-regexp http\.https\:\/\/github\.com\/\.extraheader
2026-10-03T05:49:55.1559659Z [command]/usr/bin/git submodule foreach --recursive sh -c "git config --local --name-only --get-regexp 'http\.https\:\/\/github\.com\/\.extraheader' && git config --local --unset-all 'http.https://github.com/.extraheader' || :"
2026-10-03T05:49:55.1724975Z [command]/usr/bin/git config --local --name-only --get-regexp ^includeIf\.gitdir:
2026-10-03T05:49:55.1752825Z [command]/usr/bin/git submodule foreach --recursive git config --local --show-origin --name-only --get-regexp remote.origin.url
2026-10-03T05:49:55.1918295Z [command]/usr/bin/git config --local http.https://github.com/.extraheader AUTHORIZATION: basic ***
2026-10-03T05:49:55.1950123Z ##[endgroup]
2026-10-03T05:49:55.1950801Z ##[group]Fetching the repository
2026-10-03T05:49:55.1956496Z [command]/usr/bin/git -c protocol.version=2 fetch --no-tags --prune --no-recurse-submodules --depth=1 origin +3319c32d487ab87829bee9d7b8187281c73eeb23:refs/remotes/origin/feature/memory-os-overnight-candidate-extraction-20261002-6
2026-10-03T05:49:55.7655431Z From https://github.com/battlesbudz/Jarvis-OS-V2
2026-10-03T05:49:55.7657266Z  * [new ref]         3319c32d487ab87829bee9d7b8187281c73eeb23 -> origin/feature/memory-os-overnight-candidate-extraction-20261002-6
2026-10-03T05:49:55.7660607Z ##[endgroup]
2026-10-03T05:49:55.7661565Z ##[group]Determining the checkout info
2026-10-03T05:49:55.7663011Z ##[endgroup]
2026-10-03T05:49:55.7666581Z [command]/usr/bin/git sparse-checkout disable
2026-10-03T05:49:55.8673792Z [command]/usr/bin/git config --local --unset-all extensions.worktreeConfig
2026-10-03T05:49:55.8787194Z ##[group]Checking out the ref
2026-10-03T05:49:55.8797897Z [command]/usr/bin/git checkout --progress --force -B feature/memory-os-overnight-candidate-extraction-20261002-6 refs/remotes/origin/feature/memory-os-overnight-candidate-extraction-20261002-6
2026-10-03T05:49:55.9988070Z Switched to a new branch 'feature/memory-os-overnight-candidate-extraction-20261002-6'
2026-10-03T05:49:55.9993764Z branch 'feature/memory-os-overnight-candidate-extraction-20261002-6' set up to track 'origin/feature/memory-os-overnight-candidate-extraction-20261002-6'.
2026-10-03T05:49:55.9997866Z ##[endgroup]
2026-10-03T05:49:56.0031473Z [command]/usr/bin/git log -1 --format=%H
2026-10-03T05:49:56.0051835Z 3319c32d487ab87829bee9d7b8187281c73eeb23
2026-10-03T05:49:56.0251177Z ##[group]Run python3 scripts/verification/artifacts.py fetch --out artifact-manifest.json --repository "$GITHUB_REPOSITORY" --run-id "$GITHUB_RUN_ID"
2026-10-03T05:49:56.0253925Z [36;1mpython3 scripts/verification/artifacts.py fetch --out artifact-manifest.json --repository "$GITHUB_REPOSITORY" --run-id "$GITHUB_RUN_ID"[0m
2026-10-03T05:49:56.0260473Z [36;1mpython3 scripts/verification/artifacts.py select --manifest artifact-manifest.json --run-id "$GITHUB_RUN_ID" --head-sha "$EXPECTED_HEAD" --require 'jarvis-release-unit-tests=Build signed release APK' --require 'jarvis-verification-test-apk=Build signed release APK' --require 'jarvis-os-v2-release-apk=Build signed release APK' --require 'jarvis-verification-api-30-app-release=Verify signed release in Android sandbox / Release journeys / API 30 / app-release' --require 'jarvis-verification-api-35-app-compact=Verify signed release in Android sandbox / Release journeys / API 35 / app-compact' --github-output "$GITHUB_OUTPUT"[0m
2026-10-03T05:49:56.0570071Z shell: /usr/bin/bash -e {0}
2026-10-03T05:49:56.0570760Z env:
2026-10-03T05:49:56.0576471Z   GITHUB_TOKEN: ***
2026-10-03T05:49:56.0577197Z   EXPECTED_HEAD: 3319c32d487ab87829bee9d7b8187281c73eeb23
2026-10-03T05:49:56.0578039Z ##[endgroup]
2026-10-03T05:49:56.9265012Z 11265429948,11265409867,11265479972,11266805389,11266560842
2026-10-03T05:49:56.9411352Z ##[group]Run python3 scripts/verification/artifacts.py download --manifest artifact-manifest.json --artifact-ids "11265429948,11265409867,11265479972,11266805389,11266560842" --out verification-inputs --layout named
2026-10-03T05:49:56.9414398Z [36;1mpython3 scripts/verification/artifacts.py download --manifest artifact-manifest.json --artifact-ids "11265429948,11265409867,11265479972,11266805389,11266560842" --out verification-inputs --layout named[0m
2026-10-03T05:49:56.9471120Z shell: /usr/bin/bash -e {0}
2026-10-03T05:49:56.9471705Z env:
2026-10-03T05:49:56.9476331Z   GITHUB_TOKEN: ***
2026-10-03T05:49:56.9476881Z ##[endgroup]
2026-10-03T05:50:02.2890227Z Downloaded verified artifact IDs: 11265429948,11265409867,11265479972,11266805389,11266560842
2026-10-03T05:50:02.3099816Z ##[group]Run python3 scripts/verification/receipt.py --inputs verification-inputs --out verification-receipt
2026-10-03T05:50:02.3100246Z [36;1mpython3 scripts/verification/receipt.py --inputs verification-inputs --out verification-receipt[0m
2026-10-03T05:50:02.3151537Z shell: /usr/bin/bash -e {0}
2026-10-03T05:50:02.3151678Z env:
2026-10-03T05:50:02.3151798Z   PR_HEAD: 
2026-10-03T05:50:02.3152086Z   VERIFICATION_NEEDS: {
  "build-release": {
    "result": "success",
    "outputs": {}
  },
  "verify-release": {
    "result": "failure",
    "outputs": {}
  }
}
2026-10-03T05:50:02.3152520Z ##[endgroup]
2026-10-03T05:50:02.4190304Z {
2026-10-03T05:50:02.4190563Z   "schema": 1,
2026-10-03T05:50:02.4190710Z   "passed": false,
2026-10-03T05:50:02.4190890Z   "source_commit": "3319c32d487ab87829bee9d7b8187281c73eeb23",
2026-10-03T05:50:02.4191111Z   "pr_head": "",
2026-10-03T05:50:02.4191365Z   "run_url": "https://github.com/battlesbudz/Jarvis-OS-V2/actions/runs/37099349277",
2026-10-03T05:50:02.4191674Z   "errors": [
2026-10-03T05:50:02.4191819Z     "Required job did not succeed: verify-release",
2026-10-03T05:50:02.4191999Z     "API 30 app-release: Mismatched passed",
2026-10-03T05:50:02.4192339Z     "API 35 app-compact: Mismatched passed"
2026-10-03T05:50:02.4192566Z   ],
2026-10-03T05:50:02.4192697Z   "variants": [],
2026-10-03T05:50:02.4192827Z   "release_approved": false,
2026-10-03T05:50:02.4193009Z   "coverage": "release JVM + UI + Android actions; no model inference",
2026-10-03T05:50:02.4193432Z   "not_covered": [
2026-10-03T05:50:02.4193643Z     "Real-model inference and model-generated tool selection",
2026-10-03T05:50:02.4193877Z     "Microphone, speaker, Bluetooth and acoustic interruption behavior",
2026-10-03T05:50:02.4194129Z     "Physical-device GPU/NPU compatibility, thermal behavior and latency",
2026-10-03T05:50:02.4194703Z     "Successful multi-gigabyte model download/import",
2026-10-03T05:50:02.4194884Z     "Real-model use of approved memory recall"
2026-10-03T05:50:02.4195037Z   ],
2026-10-03T05:50:02.4195268Z   "provenance": "Same-run GitHub Actions artifacts; APK bytes rehashed. Not an external attestation.",
2026-10-03T05:50:02.4195512Z   "jvm": {
2026-10-03T05:50:02.4195619Z     "passed": true,
2026-10-03T05:50:02.4195734Z     "tests": 783,
2026-10-03T05:50:02.4195844Z     "suites": 150
2026-10-03T05:50:02.4195957Z   }
2026-10-03T05:50:02.4196066Z }
2026-10-03T05:50:02.4262485Z ##[error]Process completed with exit code 1.
2026-10-03T05:50:02.4317832Z ##[group]Run actions/upload-artifact@v4
2026-10-03T05:50:02.4317992Z with:
2026-10-03T05:50:02.4318113Z   name: jarvis-verification-receipt
2026-10-03T05:50:02.4318268Z   path: verification-receipt/
2026-10-03T05:50:02.4318410Z   retention-days: 14
2026-10-03T05:50:02.4318538Z   if-no-files-found: error
2026-10-03T05:50:02.4318668Z   compression-level: 6
2026-10-03T05:50:02.4318802Z   overwrite: false
2026-10-03T05:50:02.4318921Z   include-hidden-files: false
2026-10-03T05:50:02.4319055Z ##[endgroup]
2026-10-03T05:50:02.5334546Z (node:2090) [DEP0040] DeprecationWarning: The `punycode` module is deprecated. Please use a userland alternative instead.
2026-10-03T05:50:02.5335066Z (Use `node --trace-deprecation ...` to show where the warning was created)
2026-10-03T05:50:02.5394120Z With the provided path, there will be 2 files uploaded
2026-10-03T05:50:02.5394610Z Artifact name is valid!
2026-10-03T05:50:02.5394826Z Root directory input is valid!
2026-10-03T05:50:02.7979709Z Beginning upload of artifact content to blob storage
2026-10-03T05:50:02.8093406Z (node:2090) [DEP0169] DeprecationWarning: `url.parse()` behavior is not standardized and prone to errors that have security implications. Use the WHATWG URL API instead. CVEs are not issued for `url.parse()` vulnerabilities.
2026-10-03T05:50:02.9498453Z Uploaded bytes 1262
2026-10-03T05:50:02.9940817Z Finished uploading artifact content to blob storage!
2026-10-03T05:50:02.9941793Z SHA256 digest of uploaded artifact zip is 74ea08c00572f26f4d558e0a61e2d5e5f25cba66a016642d38b3025facd8ecd2
2026-10-03T05:50:02.9942813Z Finalizing artifact upload
2026-10-03T05:50:03.2715189Z Artifact jarvis-verification-receipt.zip successfully finalized. Artifact ID 11266156436
2026-10-03T05:50:03.2715818Z Artifact jarvis-verification-receipt has been successfully uploaded! Final size is 1262 bytes. Artifact ID is 11266156436
2026-10-03T05:50:03.2719197Z Artifact download URL: https://github.com/battlesbudz/Jarvis-OS-V2/actions/runs/37099349277/artifacts/11266156436
2026-10-03T05:50:03.2866298Z Post job cleanup.
2026-10-03T05:50:03.3411427Z [command]/usr/bin/git version
2026-10-03T05:50:03.3441574Z git version 2.55.0
2026-10-03T05:50:03.3469685Z Temporarily overriding HOME='/home/runner/work/_temp/a289533f-f243-4f1c-92a8-da2aa73bc85d' before making global git config changes
2026-10-03T05:50:03.3470225Z Adding repository directory to the temporary git global config as a safe directory
2026-10-03T05:50:03.3470740Z [command]/usr/bin/git config --global --add safe.directory /home/runner/work/Jarvis-OS-V2/Jarvis-OS-V2
2026-10-03T05:50:03.3499786Z [command]/usr/bin/git config --local --name-only --get-regexp core\.sshCommand
2026-10-03T05:50:03.3526550Z [command]/usr/bin/git submodule foreach --recursive sh -c "git config --local --name-only --get-regexp 'core\.sshCommand' && git config --local --unset-all 'core.sshCommand' || :"
2026-10-03T05:50:03.3718537Z [command]/usr/bin/git config --local --name-only --get-regexp http\.https\:\/\/github\.com\/\.extraheader
2026-10-03T05:50:03.4774300Z http.https://github.com/.extraheader
2026-10-03T05:50:03.4783994Z [command]/usr/bin/git config --local --unset-all http.https://github.com/.extraheader
2026-10-03T05:50:03.6005019Z [command]/usr/bin/git submodule foreach --recursive sh -c "git config --local --name-only --get-regexp 'http\.https\:\/\/github\.com\/\.extraheader' && git config --local --unset-all 'http.https://github.com/.extraheader' || :"
2026-10-03T05:50:03.6187999Z [command]/usr/bin/git config --local --name-only --get-regexp ^includeIf\.gitdir:
2026-10-03T05:50:03.6219096Z [command]/usr/bin/git submodule foreach --recursive git config --local --show-origin --name-only --get-regexp remote.origin.url
2026-10-03T05:50:03.6508618Z Cleaning up orphan processes
2026-10-03T05:50:03.6687070Z ##[warning]Node.js 20 is deprecated. The following actions target Node.js 20 but are being forced to run on Node.js 24: actions/checkout@v4, actions/upload-artifact@v4. For more information see: https://github.blog/changelog/2025-09-19-deprecation-of-node-20-on-github-actions-runners/
