2026-10-03T02:21:37.7798777Z Current runner version: '2.337.0'
2026-10-03T02:21:37.7816729Z ##[group]Runner Image Provisioner
2026-10-03T02:21:37.7817289Z Hosted Compute Agent
2026-10-03T02:21:37.7817916Z Version: 20260901.588
2026-10-03T02:21:37.7818278Z Commit: f88ec8081b781fac6c440065ac7ff9e710ce3d0b
2026-10-03T02:21:37.7818683Z Build Date: 2026-09-01T19:56:44Z
2026-10-03T02:21:37.7819151Z Worker ID: {28ce9bea-7306-4743-abb4-7a6d075a75a6}
2026-10-03T02:21:37.7819557Z Azure Region: centralus
2026-10-03T02:21:37.7820263Z ##[endgroup]
2026-10-03T02:21:37.7821133Z ##[group]Operating System
2026-10-03T02:21:37.7821465Z Ubuntu
2026-10-03T02:21:37.7821818Z 24.04.5
2026-10-03T02:21:37.7822120Z LTS
2026-10-03T02:21:37.7822466Z ##[endgroup]
2026-10-03T02:21:37.7822789Z ##[group]Runner Image
2026-10-03T02:21:37.7823155Z Image: ubuntu-24.04
2026-10-03T02:21:37.7823525Z Version: 20260927.320.1
2026-10-03T02:21:37.7824253Z Included Software: https://github.com/actions/runner-images/blob/ubuntu24/20260927.320/images/ubuntu/Ubuntu2404-Readme.md
2026-10-03T02:21:37.7825119Z Image Release: https://github.com/actions/runner-images/releases/tag/ubuntu24%2F20260927.320
2026-10-03T02:21:37.7825650Z ##[endgroup]
2026-10-03T02:21:37.7826359Z ##[group]GITHUB_TOKEN Permissions
2026-10-03T02:21:37.7827914Z Actions: read
2026-10-03T02:21:37.7828314Z Contents: read
2026-10-03T02:21:37.7828639Z Metadata: read
2026-10-03T02:21:37.7828985Z ##[endgroup]
2026-10-03T02:21:37.7830372Z Secret source: Actions
2026-10-03T02:21:37.7830978Z Cache mode: write
2026-10-03T02:21:37.7831408Z Prepare workflow directory
2026-10-03T02:21:37.8063908Z Prepare all required actions
2026-10-03T02:21:37.8100151Z Getting action download info
2026-10-03T02:21:38.0622032Z Download action repository 'actions/checkout@v4' (SHA:11d5960a326750d5838078e36cf38b85af677262)
2026-10-03T02:21:38.1387342Z Download action repository 'reactivecircus/android-emulator-runner@v2' (SHA:a421e43855164a8197daf9d8d40fe71c6996bb0d)
2026-10-03T02:21:38.5064055Z Download action repository 'actions/upload-artifact@v4' (SHA:ea165f8d65b6e75b540449e92b4886f43607fa02)
2026-10-03T02:21:38.6970400Z Uses: battlesbudz/Jarvis-OS-V2/.github/workflows/android-sandbox.yml@refs/heads/feature/memory-os-overnight-candidate-privacy-20261002-5 (53dac67cb37dc8f9a2eda27d6c65f0661cc39a5b)
2026-10-03T02:21:38.6973598Z Complete job name: Verify signed release in Android sandbox / Release journeys / API 30 / app-release
2026-10-03T02:21:38.7457737Z ##[group]Run actions/checkout@v4
2026-10-03T02:21:38.7458215Z with:
2026-10-03T02:21:38.7458487Z   repository: battlesbudz/Jarvis-OS-V2
2026-10-03T02:21:38.7460902Z   token: ***
2026-10-03T02:21:38.7461151Z   ssh-strict: true
2026-10-03T02:21:38.7461407Z   ssh-user: git
2026-10-03T02:21:38.7461675Z   persist-credentials: true
2026-10-03T02:21:38.7461958Z   clean: true
2026-10-03T02:21:38.7462220Z   sparse-checkout-cone-mode: true
2026-10-03T02:21:38.7462523Z   fetch-depth: 1
2026-10-03T02:21:38.7462776Z   fetch-tags: false
2026-10-03T02:21:38.7463036Z   show-progress: true
2026-10-03T02:21:38.7463311Z   lfs: false
2026-10-03T02:21:38.7463601Z   submodules: false
2026-10-03T02:21:38.7463863Z   set-safe-directory: true
2026-10-03T02:21:38.7464162Z   allow-unsafe-pr-checkout: false
2026-10-03T02:21:38.7464548Z ##[endgroup]
2026-10-03T02:21:38.8155280Z Syncing repository: battlesbudz/Jarvis-OS-V2
2026-10-03T02:21:38.8157102Z ##[group]Getting Git version info
2026-10-03T02:21:38.8158141Z Working directory is '/home/runner/work/Jarvis-OS-V2/Jarvis-OS-V2'
2026-10-03T02:21:38.8163487Z [command]/usr/bin/git version
2026-10-03T02:21:38.8270950Z git version 2.55.0
2026-10-03T02:21:38.8284835Z ##[endgroup]
2026-10-03T02:21:38.8298019Z Temporarily overriding HOME='/home/runner/work/_temp/4a5813da-743a-499b-a58c-23c5406f3d2e' before making global git config changes
2026-10-03T02:21:38.8299564Z Adding repository directory to the temporary git global config as a safe directory
2026-10-03T02:21:38.8303448Z [command]/usr/bin/git config --global --add safe.directory /home/runner/work/Jarvis-OS-V2/Jarvis-OS-V2
2026-10-03T02:21:38.8349829Z Deleting the contents of '/home/runner/work/Jarvis-OS-V2/Jarvis-OS-V2'
2026-10-03T02:21:38.8361435Z ##[group]Initializing the repository
2026-10-03T02:21:38.8368150Z [command]/usr/bin/git init /home/runner/work/Jarvis-OS-V2/Jarvis-OS-V2
2026-10-03T02:21:38.8469569Z hint: Using 'master' as the name for the initial branch. This default branch name
2026-10-03T02:21:38.8478583Z hint: will change to "main" in Git 3.0. To configure the initial branch name
2026-10-03T02:21:38.8498672Z hint: to use in all of your new repositories, which will suppress this warning,
2026-10-03T02:21:38.8499277Z hint: call:
2026-10-03T02:21:38.8499516Z hint:
2026-10-03T02:21:38.8499863Z hint: 	git config --global init.defaultBranch <name>
2026-10-03T02:21:38.8500215Z hint:
2026-10-03T02:21:38.8500547Z hint: Names commonly chosen instead of 'master' are 'main', 'trunk' and
2026-10-03T02:21:38.8501076Z hint: 'development'. The just-created branch can be renamed via this command:
2026-10-03T02:21:38.8501569Z hint:
2026-10-03T02:21:38.8501990Z hint: 	git branch -m <name>
2026-10-03T02:21:38.8502418Z hint:
2026-10-03T02:21:38.8502783Z hint: Disable this message with "git config set advice.defaultBranchName false"
2026-10-03T02:21:38.8503395Z Initialized empty Git repository in /home/runner/work/Jarvis-OS-V2/Jarvis-OS-V2/.git/
2026-10-03T02:21:38.8504697Z [command]/usr/bin/git remote add origin https://github.com/battlesbudz/Jarvis-OS-V2
2026-10-03T02:21:38.8528947Z ##[endgroup]
2026-10-03T02:21:38.8529489Z ##[group]Disabling automatic garbage collection
2026-10-03T02:21:38.8529977Z [command]/usr/bin/git config --local gc.auto 0
2026-10-03T02:21:38.8561666Z ##[endgroup]
2026-10-03T02:21:38.8563222Z ##[group]Setting up auth
2026-10-03T02:21:38.8563935Z [command]/usr/bin/git config --local --name-only --get-regexp core\.sshCommand
2026-10-03T02:21:38.8593022Z [command]/usr/bin/git submodule foreach --recursive sh -c "git config --local --name-only --get-regexp 'core\.sshCommand' && git config --local --unset-all 'core.sshCommand' || :"
2026-10-03T02:21:38.8883984Z [command]/usr/bin/git config --local --name-only --get-regexp http\.https\:\/\/github\.com\/\.extraheader
2026-10-03T02:21:38.8914062Z [command]/usr/bin/git submodule foreach --recursive sh -c "git config --local --name-only --get-regexp 'http\.https\:\/\/github\.com\/\.extraheader' && git config --local --unset-all 'http.https://github.com/.extraheader' || :"
2026-10-03T02:21:38.9084304Z [command]/usr/bin/git config --local --name-only --get-regexp ^includeIf\.gitdir:
2026-10-03T02:21:38.9112811Z [command]/usr/bin/git submodule foreach --recursive git config --local --show-origin --name-only --get-regexp remote.origin.url
2026-10-03T02:21:38.9288278Z [command]/usr/bin/git config --local http.https://github.com/.extraheader AUTHORIZATION: basic ***
2026-10-03T02:21:38.9320540Z ##[endgroup]
2026-10-03T02:21:38.9321103Z ##[group]Fetching the repository
2026-10-03T02:21:38.9327111Z [command]/usr/bin/git -c protocol.version=2 fetch --no-tags --prune --no-recurse-submodules --depth=1 origin +53dac67cb37dc8f9a2eda27d6c65f0661cc39a5b:refs/remotes/origin/feature/memory-os-overnight-candidate-privacy-20261002-5
2026-10-03T02:21:39.5026538Z From https://github.com/battlesbudz/Jarvis-OS-V2
2026-10-03T02:21:39.5029192Z  * [new ref]         53dac67cb37dc8f9a2eda27d6c65f0661cc39a5b -> origin/feature/memory-os-overnight-candidate-privacy-20261002-5
2026-10-03T02:21:39.5032418Z ##[endgroup]
2026-10-03T02:21:39.5033366Z ##[group]Determining the checkout info
2026-10-03T02:21:39.5034574Z ##[endgroup]
2026-10-03T02:21:39.5035223Z [command]/usr/bin/git sparse-checkout disable
2026-10-03T02:21:39.5081456Z [command]/usr/bin/git config --local --unset-all extensions.worktreeConfig
2026-10-03T02:21:39.5110273Z ##[group]Checking out the ref
2026-10-03T02:21:39.5119983Z [command]/usr/bin/git checkout --progress --force -B feature/memory-os-overnight-candidate-privacy-20261002-5 refs/remotes/origin/feature/memory-os-overnight-candidate-privacy-20261002-5
2026-10-03T02:21:39.5417414Z Switched to a new branch 'feature/memory-os-overnight-candidate-privacy-20261002-5'
2026-10-03T02:21:39.5422474Z branch 'feature/memory-os-overnight-candidate-privacy-20261002-5' set up to track 'origin/feature/memory-os-overnight-candidate-privacy-20261002-5'.
2026-10-03T02:21:39.5427283Z ##[endgroup]
2026-10-03T02:21:39.5462280Z [command]/usr/bin/git log -1 --format=%H
2026-10-03T02:21:39.5484585Z 53dac67cb37dc8f9a2eda27d6c65f0661cc39a5b
2026-10-03T02:21:39.5686238Z ##[group]Run python3 scripts/verification/artifacts.py fetch --out artifact-manifest.json --repository "$GITHUB_REPOSITORY" --run-id "$GITHUB_RUN_ID"
2026-10-03T02:21:39.5689253Z [36;1mpython3 scripts/verification/artifacts.py fetch --out artifact-manifest.json --repository "$GITHUB_REPOSITORY" --run-id "$GITHUB_RUN_ID"[0m
2026-10-03T02:21:39.5693434Z [36;1mpython3 scripts/verification/artifacts.py select --manifest artifact-manifest.json --run-id "$GITHUB_RUN_ID" --head-sha "$EXPECTED_HEAD" --require 'jarvis-os-v2-release-apk=Build signed release APK' --require 'jarvis-verification-test-apk=Build signed release APK' --require-success --github-output "$GITHUB_OUTPUT"[0m
2026-10-03T02:21:39.5931975Z shell: /usr/bin/bash -e {0}
2026-10-03T02:21:39.5932718Z env:
2026-10-03T02:21:39.5939563Z   GITHUB_TOKEN: ***
2026-10-03T02:21:39.5940332Z   EXPECTED_HEAD: 53dac67cb37dc8f9a2eda27d6c65f0661cc39a5b
2026-10-03T02:21:39.5941239Z ##[endgroup]
2026-10-03T02:21:40.4004318Z 11262200910,11261786999
2026-10-03T02:21:40.4137223Z ##[group]Run python3 scripts/verification/artifacts.py download --manifest artifact-manifest.json --artifact-ids "11262200910,11261786999" --out inputs --layout flat
2026-10-03T02:21:40.4140036Z [36;1mpython3 scripts/verification/artifacts.py download --manifest artifact-manifest.json --artifact-ids "11262200910,11261786999" --out inputs --layout flat[0m
2026-10-03T02:21:40.4195849Z shell: /usr/bin/bash -e {0}
2026-10-03T02:21:40.4196431Z env:
2026-10-03T02:21:40.4201996Z   GITHUB_TOKEN: ***
2026-10-03T02:21:40.4202518Z ##[endgroup]
2026-10-03T02:21:42.9209817Z Downloaded verified artifact IDs: 11262200910,11261786999
2026-10-03T02:21:42.9329155Z ##[group]Run echo 'KERNEL=="kvm", GROUP="kvm", MODE="0666", OPTIONS+="static_node=kvm"' | sudo tee /etc/udev/rules.d/99-jarvis-kvm.rules
2026-10-03T02:21:42.9329640Z [36;1mecho 'KERNEL=="kvm", GROUP="kvm", MODE="0666", OPTIONS+="static_node=kvm"' | sudo tee /etc/udev/rules.d/99-jarvis-kvm.rules[0m
2026-10-03T02:21:42.9329940Z [36;1msudo udevadm control --reload-rules[0m
2026-10-03T02:21:42.9330109Z [36;1msudo udevadm trigger --name-match=kvm[0m
2026-10-03T02:21:42.9379461Z shell: /usr/bin/bash -e {0}
2026-10-03T02:21:42.9379602Z ##[endgroup]
2026-10-03T02:21:42.9489437Z KERNEL=="kvm", GROUP="kvm", MODE="0666", OPTIONS+="static_node=kvm"
2026-10-03T02:21:42.9759595Z ##[group]Run reactivecircus/android-emulator-runner@v2
2026-10-03T02:21:42.9759791Z with:
2026-10-03T02:21:42.9759903Z   api-level: 30
2026-10-03T02:21:42.9760019Z   target: google_apis
2026-10-03T02:21:42.9760133Z   arch: x86_64
2026-10-03T02:21:42.9760254Z   profile: pixel_2
2026-10-03T02:21:42.9760380Z   ram-size: 4096M
2026-10-03T02:21:42.9760507Z   heap-size: 512M
2026-10-03T02:21:42.9760614Z   disk-size: 4096M
2026-10-03T02:21:42.9760730Z   disable-animations: true
2026-10-03T02:21:42.9760862Z   emulator-boot-timeout: 300
2026-10-03T02:21:42.9761101Z   emulator-options: -no-window -gpu swiftshader_indirect -noaudio -no-boot-anim -no-snapshot
2026-10-03T02:21:42.9761743Z   script: python3 scripts/verification/android.py run --apk inputs/app-release.apk --test-apk inputs/app-release-androidTest.apk --out verification-evidence --source-commit "53dac67cb37dc8f9a2eda27d6c65f0661cc39a5b" --pr-head "" --allow-emulator-reset
2026-10-03T02:21:42.9762257Z   cores: 2
2026-10-03T02:21:42.9762379Z   avd-name: test
2026-10-03T02:21:42.9762503Z   force-avd-creation: true
2026-10-03T02:21:42.9762626Z   emulator-port: 5554
2026-10-03T02:21:42.9762750Z   disable-spellchecker: false
2026-10-03T02:21:42.9762888Z   disable-linux-hw-accel: auto
2026-10-03T02:21:42.9763022Z   enable-hw-keyboard: false
2026-10-03T02:21:42.9763272Z   channel: stable
2026-10-03T02:21:42.9763412Z ##[endgroup]
2026-10-03T02:21:43.0107043Z ##[group]Configure emulator
2026-10-03T02:21:43.0107752Z API level: 30
2026-10-03T02:21:43.0108234Z System image API level: 30
2026-10-03T02:21:43.0108458Z target: google_apis
2026-10-03T02:21:43.0108655Z CPU architecture: x86_64
2026-10-03T02:21:43.0108892Z Hardware profile: pixel_2
2026-10-03T02:21:43.0113711Z Cores: 2
2026-10-03T02:21:43.0113824Z RAM size: 4096M
2026-10-03T02:21:43.0114026Z Heap size: 512M
2026-10-03T02:21:43.0114193Z SD card path or size: 
2026-10-03T02:21:43.0114375Z Disk size: 4096M
2026-10-03T02:21:43.0114545Z AVD name: test
2026-10-03T02:21:43.0114739Z force avd creation: true
2026-10-03T02:21:43.0114868Z Emulator boot timeout: 300
2026-10-03T02:21:43.0114993Z emulator port: 5554
2026-10-03T02:21:43.0115361Z emulator options: -no-window -gpu swiftshader_indirect -noaudio -no-boot-anim -no-snapshot
2026-10-03T02:21:43.0115739Z disable animations: true
2026-10-03T02:21:43.0115949Z disable spellchecker: false
2026-10-03T02:21:43.0116168Z disable Linux hardware acceleration: false
2026-10-03T02:21:43.0116368Z enable hardware keyboard: false
2026-10-03T02:21:43.0116538Z Channel: 0 (stable)
2026-10-03T02:21:43.0116703Z Script:
2026-10-03T02:21:43.0117453Z python3 scripts/verification/android.py run --apk inputs/app-release.apk --test-apk inputs/app-release-androidTest.apk --out verification-evidence --source-commit "53dac67cb37dc8f9a2eda27d6c65f0661cc39a5b" --pr-head "" --allow-emulator-reset
2026-10-03T02:21:43.0118385Z Pre emulator launch script:
2026-10-03T02:21:43.0118694Z ##[endgroup]
2026-10-03T02:21:43.0118902Z ##[group]Install Android SDK
2026-10-03T02:21:43.0155006Z [command]/usr/bin/sh -c \yes | sdkmanager --licenses > /dev/null
2026-10-03T02:21:44.7074699Z Installing latest build tools, platform tools, and platform.
2026-10-03T02:21:44.7082475Z [command]/usr/bin/sh -c \sdkmanager --install 'build-tools;37.0.0' platform-tools 'platforms;android-30'> /dev/null
2026-10-03T02:21:48.0329599Z Installing latest emulator.
2026-10-03T02:21:48.0336599Z [command]/usr/bin/sh -c \sdkmanager --install emulator --channel=0 > /dev/null
2026-10-03T02:21:56.7676949Z Installing system images.
2026-10-03T02:21:56.7684145Z [command]/usr/bin/sh -c \sdkmanager --install 'system-images;android-30;google_apis;x86_64' --channel=0 > /dev/null
2026-10-03T02:22:28.7458098Z ##[endgroup]
2026-10-03T02:22:28.7458579Z ##[group]Create AVD
2026-10-03T02:22:28.7462313Z Creating AVD.
2026-10-03T02:22:28.7470783Z [command]/usr/bin/sh -c \echo no | avdmanager create avd --force -n test --package 'system-images;android-30;google_apis;x86_64' --device 'pixel_2'
2026-10-03T02:22:29.2235023Z Loading local repository...                                                     
2026-10-03T02:22:29.2258169Z [=========                              ] 25% Loading local repository...       
2026-10-03T02:22:29.2268064Z [=========                              ] 25% Fetch remote repository...        
2026-10-03T02:22:29.2268768Z [=======================================] 100% Fetch remote repository...       
2026-10-03T02:22:29.2668576Z Auto-selecting single ABI x86_64
2026-10-03T02:22:29.5138755Z [command]/usr/bin/sh -c \printf 'hw.cpu.ncore=2\nhw.ramSize=4096M\nhw.heapSize=512M\ndisk.dataPartition.size=4096M\n' >> /home/runner/.android/avd/test.avd/config.ini
2026-10-03T02:22:29.5157429Z ##[endgroup]
2026-10-03T02:22:29.5159012Z ##[group]Launch Emulator
2026-10-03T02:22:29.5159231Z Starting emulator.
2026-10-03T02:22:29.5166130Z [command]/usr/bin/sh -c \/usr/local/lib/android/sdk/emulator/emulator -port 5554 -avd test -no-window -gpu swiftshader_indirect -noaudio -no-boot-anim -no-snapshot &
2026-10-03T02:22:29.5250907Z INFO         | Android emulator version 37.2.12.0 (build_id 16428233) (CL:N/A)
2026-10-03T02:22:29.5251229Z INFO         | Graphics backend: gfxstream
2026-10-03T02:22:29.5251544Z INFO         | Found systemPath /usr/local/lib/android/sdk/system-images/android-30/google_apis/x86_64/
2026-10-03T02:22:29.5601310Z INFO         | Saving last run QEMU version for the AVD to 2
2026-10-03T02:22:29.5603074Z WARNING      | Please update the emulator to one that supports the feature(s): Vulkan
2026-10-03T02:22:29.5605870Z ##############################################################################
2026-10-03T02:22:29.5606741Z ##                        WARNING - ACTION REQUIRED                         ##
2026-10-03T02:22:29.5607947Z ##  Consider using the '-metrics-collection' flag to help improve the       ##
2026-10-03T02:22:29.5608814Z ##  emulator by sending anonymized usage data. Or use the '-no-metrics'     ##
2026-10-03T02:22:29.5609424Z ##  flag to bypass this warning and turn off the metrics collection.        ##
2026-10-03T02:22:29.5609950Z ##  In a future release this warning will turn into a one-time blocking     ##
2026-10-03T02:22:29.5610479Z ##  prompt to ask for explicit user input regarding metrics collection.     ##
2026-10-03T02:22:29.5610911Z ##                                                                          ##
2026-10-03T02:22:29.5611384Z ##  Please see '-help-metrics-collection' for more details. You can use     ##
2026-10-03T02:22:29.5611901Z ##  '-metrics-to-file' or '-metrics-to-console' flags to see what type of   ##
2026-10-03T02:22:29.5612342Z ##  data is being collected by emulator as part of usage statistics.        ##
2026-10-03T02:22:29.5612682Z ##############################################################################
2026-10-03T02:22:29.5612969Z INFO         | Guest GLES Driver: Auto (ext controls)
2026-10-03T02:22:29.5613369Z INFO         | emuglConfig_init: vulkan_mode_selected:swiftshader gles_mode_selected:swiftshader
2026-10-03T02:22:29.5613785Z INFO         | Checking system compatibility:
2026-10-03T02:22:29.5614072Z INFO         |   Checking: hasSufficientDiskSpace
2026-10-03T02:22:29.5614411Z INFO         |      Ok: Disk space requirements to run avd: `test` are met
2026-10-03T02:22:29.5614788Z INFO         |   Checking: hasSufficientHwGpu
2026-10-03T02:22:29.5615152Z INFO         |      Ok: Hardware GPU compatibility checks are not required
2026-10-03T02:22:29.5615528Z INFO         |   Checking: hasSufficientSystem
2026-10-03T02:22:29.5615855Z INFO         |      Ok: System requirements to run avd: `test` are met
2026-10-03T02:22:29.5616731Z WARNING      | Feature QuickbootFileBacked is disabled due to stability issues, if you really want that, the environment variable ANDROID_EMU_FORCE_QUICKBOOT_FILE_BACKED need to set to 1
2026-10-03T02:22:29.6305930Z WARNING      | FeatureControl is requesting a non existing feature.
2026-10-03T02:22:29.7056631Z ERROR        | Unable to connect to adb daemon on port: 5037
2026-10-03T02:22:29.7062839Z INFO         | Storing crashdata in: /tmp/android-runner/emu-crash-37.2.12.db, detection is enabled for process: 2468
2026-10-03T02:22:29.7063338Z INFO         | Initializing gfxstream backend
2026-10-03T02:22:29.7070216Z INFO         | startOpenglesRendererImpl: gpu info
2026-10-03T02:22:29.7074211Z INFO         | 
2026-10-03T02:22:29.7074546Z INFO         | initIcdPaths: ICD set to 'swiftshader', using Swiftshader ICD
2026-10-03T02:22:29.7075270Z INFO         | Setting ICD filenames for the loader = /usr/local/lib/android/sdk/emulator/lib64/vulkan/vk_swiftshader_icd.json
2026-10-03T02:22:29.7079311Z INFO         | SharedLibrary::open for [/usr/local/lib/android/sdk/emulator/qemu/linux-x86_64/lib64/vulkan/libvulkan.so]
2026-10-03T02:22:29.7079724Z INFO         | SharedLibrary::open for [/usr/local/lib/android/sdk/emulator/qemu/linux-x86_64/lib64/vulkan/libvulkan.so.1]
2026-10-03T02:22:29.7080080Z INFO         | SharedLibrary::open for [/usr/local/lib/android/sdk/emulator/lib64/vulkan/libvulkan.so]
2026-10-03T02:22:29.7080404Z INFO         | Added library: /usr/local/lib/android/sdk/emulator/lib64/vulkan/libvulkan.so
2026-10-03T02:22:29.7113386Z INFO         | Selecting Vulkan device: SwiftShader Device (Subzero), Version: 1.3.0
2026-10-03T02:22:29.7113809Z INFO         | Using Vulkan externalMemoryMode: OpaqueFd for VkEmulation
2026-10-03T02:22:29.7209154Z INFO         | Format VK_FORMAT_G10X6_B10X6R10X6_2PLANE_422_UNORM_3PACK16 does not support YCbCr sampler conversion
2026-10-03T02:22:29.7233476Z INFO         | SharedLibrary::open for [libX11]
2026-10-03T02:22:29.7233820Z WARNING      | Could not open libX11.so, try libX11.so.6
2026-10-03T02:22:29.7234125Z INFO         | SharedLibrary::open for [libX11.so.6]
2026-10-03T02:22:29.7235813Z INFO         | SharedLibrary::open for [libX11-xcb]
2026-10-03T02:22:29.7236029Z WARNING      | Could not open libX11-xcb.so, try libX11-xcb.so.1
2026-10-03T02:22:29.7236235Z INFO         | SharedLibrary::open for [libX11-xcb.so.1]
2026-10-03T02:22:29.7268207Z INFO         | Initializing VkEmulation features:
2026-10-03T02:22:29.7268602Z INFO         |     glInteropSupported: false
2026-10-03T02:22:29.7270650Z INFO         |     useDeferredCommands: true
2026-10-03T02:22:29.7270895Z INFO         |     createResourceWithRequirements: true
2026-10-03T02:22:29.7271228Z INFO         |     useVulkanComposition: false
2026-10-03T02:22:29.7271510Z INFO         |     useVulkanNativeSwapchain: false
2026-10-03T02:22:29.7271711Z INFO         |     enable guestRenderDoc: false
2026-10-03T02:22:29.7271878Z INFO         |     ASTC LDR emulation mode: Gpu
2026-10-03T02:22:29.7272190Z INFO         |     enable ETC2 emulation: true
2026-10-03T02:22:29.7272464Z INFO         |     enable Ycbcr emulation: false
2026-10-03T02:22:29.7272766Z INFO         |     guestVulkanOnly: false
2026-10-03T02:22:29.7273058Z INFO         |     useDedicatedAllocations: false
2026-10-03T02:22:29.7273265Z INFO         |     guestVulkanMaxApiVersion: 1.3.0
2026-10-03T02:22:29.7273560Z INFO         |     enableProtectedMemoryEmulation: false
2026-10-03T02:22:29.7273918Z INFO         | Graphics Adapter Vendor Google (Google Inc.)
2026-10-03T02:22:29.7274367Z INFO         | Graphics Adapter Android Emulator OpenGL ES Translator (Google SwiftShader)
2026-10-03T02:22:29.7274883Z INFO         | Graphics API Version OpenGL ES 3.0 (OpenGL ES 3.0 SwiftShader 4.0.0.1)
2026-10-03T02:22:29.7276859Z INFO         | Graphics API Extensions GL_OES_EGL_sync GL_OES_EGL_image GL_OES_EGL_image_external GL_OES_depth24 GL_OES_depth32 GL_OES_element_index_uint GL_OES_texture_float GL_OES_texture_float_linear GL_OES_compressed_paletted_texture GL_OES_compressed_ETC1_RGB8_texture GL_OES_depth_texture GL_OES_texture_half_float GL_OES_texture_half_float_linear GL_OES_packed_depth_stencil GL_OES_vertex_half_float GL_OES_standard_derivatives GL_OES_texture_npot GL_OES_rgb8_rgba8 GL_EXT_color_buffer_float GL_EXT_color_buffer_half_float GL_EXT_texture_format_BGRA8888 GL_APPLE_texture_format_BGRA8888 
2026-10-03T02:22:29.7278905Z INFO         | Graphics Device Extensions N/A
2026-10-03T02:22:29.7279508Z INFO         | Disabling sparse binding feature support
2026-10-03T02:22:29.7324097Z INFO         | Userspace boot properties:
2026-10-03T02:22:29.7324649Z INFO         |   android.bootanim=0
2026-10-03T02:22:29.7325149Z INFO         |   android.qemud=1
2026-10-03T02:22:29.7325538Z INFO         |   androidboot.boot_devices=pci0000:00/0000:00:03.0 pci0000:00/0000:00:06.0
2026-10-03T02:22:29.7325881Z INFO         |   androidboot.hardware=ranchu
2026-10-03T02:22:29.7326150Z INFO         |   androidboot.hardware.vulkan=ranchu
2026-10-03T02:22:29.7326434Z INFO         |   androidboot.serialno=EMULATOR37X2X12X0
2026-10-03T02:22:29.7326876Z INFO         |   androidboot.vbmeta.digest=fe75c2a5d8acc56679b9ff248d9bbb4830bcd72c5bca68461d9e9de20914a4e1
2026-10-03T02:22:29.7327316Z INFO         |   androidboot.vbmeta.hash_alg=sha256
2026-10-03T02:22:29.7327728Z INFO         |   androidboot.vbmeta.size=6144
2026-10-03T02:22:29.7327964Z INFO         |   qemu=1
2026-10-03T02:22:29.7328151Z INFO         |   qemu.avd_name=test
2026-10-03T02:22:29.7328383Z INFO         |   qemu.camera_hq_edge_processing=0
2026-10-03T02:22:29.7328641Z INFO         |   qemu.camera_protocol_ver=1
2026-10-03T02:22:29.7328900Z INFO         |   qemu.dalvik.vm.heapsize=576m
2026-10-03T02:22:29.7329148Z INFO         |   qemu.encrypt=1
2026-10-03T02:22:29.7329539Z INFO         |   qemu.gles=1
2026-10-03T02:22:29.7329750Z INFO         |   qemu.gltransport=pipe
2026-10-03T02:22:29.7330018Z INFO         |   qemu.gltransport.drawFlushInterval=800
2026-10-03T02:22:29.7330295Z INFO         |   qemu.hwcodec.avcdec=2
2026-10-03T02:22:29.7330535Z INFO         |   qemu.hwcodec.hevcdec=2
2026-10-03T02:22:29.7330769Z INFO         |   qemu.hwcodec.vpxdec=2
2026-10-03T02:22:29.7331014Z INFO         |   qemu.opengles.version=196608
2026-10-03T02:22:29.7331324Z INFO         |   qemu.settings.system.screen_off_timeout=2147483647
2026-10-03T02:22:29.7331674Z INFO         |   qemu.skin=1080x1920
2026-10-03T02:22:29.7332057Z INFO         |   qemu.uirenderer=skiagl
2026-10-03T02:22:29.7332298Z INFO         |   qemu.virtiowifi=1
2026-10-03T02:22:29.7332519Z INFO         |   qemu.vsync=60
2026-10-03T02:22:29.7459975Z WARNING: cannnot unmap ptr 0x7f5bbb601000 as it is in the protected range from 0x7f5abb600000 to 0x7f5bbb800000
2026-10-03T02:22:29.7462039Z pc_memory_init: above 4g size: 40000000
2026-10-03T02:22:29.7565917Z INFO         | Monitoring duration of emulator setup.
2026-10-03T02:22:30.7947954Z INFO         | Successfully initialized netsim WiFi
2026-10-03T02:22:30.7971162Z INFO         | Setting display: 0 configuration to: 1080x1920, dpi: 420x420 
2026-10-03T02:22:30.7971496Z INFO         | setDisplayActiveConfig: id:0, 1080x1920
2026-10-03T02:22:30.7971820Z INFO         | emulatorSetupEnvironment: Environment scene is not required
2026-10-03T02:22:30.8020052Z USER_INFO    | Emulator is performing a full startup. This may take upto two minutes, or more.
2026-10-03T02:22:30.8020725Z WARNING      | Failed to process .ini file /home/runner/.android/emu-update-last-check.ini for reading.
2026-10-03T02:22:31.0203497Z WARNING      | Failed to process .ini file /home/runner/.android/emu-update-last-check.ini for reading.
2026-10-03T02:22:39.5203524Z [command]/usr/local/lib/android/sdk/platform-tools/adb -s emulator-5554 shell getprop sys.boot_completed
2026-10-03T02:22:39.5228753Z * daemon not running; starting now at tcp:5037
2026-10-03T02:22:39.5296991Z * daemon started successfully
2026-10-03T02:22:39.5299362Z adb: device offline
2026-10-03T02:22:39.5303966Z The process '/usr/local/lib/android/sdk/platform-tools/adb' failed with exit code 1
2026-10-03T02:22:41.5329208Z [command]/usr/local/lib/android/sdk/platform-tools/adb -s emulator-5554 shell getprop sys.boot_completed
2026-10-03T02:22:41.5365218Z adb: device offline
2026-10-03T02:22:41.5372235Z The process '/usr/local/lib/android/sdk/platform-tools/adb' failed with exit code 1
2026-10-03T02:22:43.5407926Z [command]/usr/local/lib/android/sdk/platform-tools/adb -s emulator-5554 shell getprop sys.boot_completed
2026-10-03T02:22:43.5436783Z adb: device offline
2026-10-03T02:22:43.5441190Z The process '/usr/local/lib/android/sdk/platform-tools/adb' failed with exit code 1
2026-10-03T02:22:45.5472215Z [command]/usr/local/lib/android/sdk/platform-tools/adb -s emulator-5554 shell getprop sys.boot_completed
2026-10-03T02:22:45.5743770Z 
2026-10-03T02:22:47.5783211Z [command]/usr/local/lib/android/sdk/platform-tools/adb -s emulator-5554 shell getprop sys.boot_completed
2026-10-03T02:22:47.5857489Z 
2026-10-03T02:22:49.5898492Z [command]/usr/local/lib/android/sdk/platform-tools/adb -s emulator-5554 shell getprop sys.boot_completed
2026-10-03T02:22:49.6102873Z 
2026-10-03T02:22:51.6145420Z [command]/usr/local/lib/android/sdk/platform-tools/adb -s emulator-5554 shell getprop sys.boot_completed
2026-10-03T02:22:51.6538657Z 
2026-10-03T02:22:53.6636320Z [command]/usr/local/lib/android/sdk/platform-tools/adb -s emulator-5554 shell getprop sys.boot_completed
2026-10-03T02:22:53.8663100Z 1
2026-10-03T02:22:53.8933992Z Emulator booted.
2026-10-03T02:22:53.8949157Z [command]/usr/local/lib/android/sdk/platform-tools/adb -s emulator-5554 shell input keyevent 82
2026-10-03T02:22:55.9301658Z INFO         | Boot completed in 26386 ms
2026-10-03T02:22:55.9302809Z INFO         | Increasing screen off timeout, logcat buffer size to 2M.
2026-10-03T02:22:57.5638723Z Disabling animations.
2026-10-03T02:22:57.5688849Z [command]/usr/local/lib/android/sdk/platform-tools/adb -s emulator-5554 shell settings put global window_animation_scale 0.0
2026-10-03T02:22:58.4409209Z [command]/usr/local/lib/android/sdk/platform-tools/adb -s emulator-5554 shell settings put global transition_animation_scale 0.0
2026-10-03T02:22:58.7848939Z [command]/usr/local/lib/android/sdk/platform-tools/adb -s emulator-5554 shell settings put global animator_duration_scale 0.0
2026-10-03T02:22:58.8859536Z ##[endgroup]
2026-10-03T02:22:58.8928424Z [command]/usr/bin/sh -c python3 scripts/verification/android.py run --apk inputs/app-release.apk --test-apk inputs/app-release-androidTest.apk --out verification-evidence --source-commit "53dac67cb37dc8f9a2eda27d6c65f0661cc39a5b" --pr-head "" --allow-emulator-reset
2026-10-03T02:26:38.8808964Z {
2026-10-03T02:26:38.8810675Z   "schema": 1,
2026-10-03T02:26:38.8810997Z   "passed": true,
2026-10-03T02:26:38.8811407Z   "source_commit": "53dac67cb37dc8f9a2eda27d6c65f0661cc39a5b",
2026-10-03T02:26:38.8811836Z   "pr_head": "",
2026-10-03T02:26:38.8812257Z   "run_url": "https://github.com/battlesbudz/Jarvis-OS-V2/actions/runs/37088094621",
2026-10-03T02:26:38.8812783Z   "coverage": "release UI + Android actions; no model inference",
2026-10-03T02:26:38.8813183Z   "not_covered": [
2026-10-03T02:26:38.8835349Z     "Real-model inference and model-generated tool selection",
2026-10-03T02:26:38.8835889Z     "Microphone, speaker, Bluetooth and acoustic interruption behavior",
2026-10-03T02:26:38.8836426Z     "Physical-device GPU/NPU compatibility, thermal behavior and latency",
2026-10-03T02:26:38.8836949Z     "Successful multi-gigabyte model download/import",
2026-10-03T02:26:38.8837348Z     "Real-model use of approved memory recall"
2026-10-03T02:26:38.8837935Z   ],
2026-10-03T02:26:38.8838302Z   "device_evidence_folder": "jarvis-verification-1790994178929888058",
2026-10-03T02:26:38.8838730Z   "errors": [],
2026-10-03T02:26:38.8839149Z   "apk_sha256": "899a7f321ee8aaeff07d2c069d79cb8539ac42ba0517957ab6fdebc165125914",
2026-10-03T02:26:38.8839755Z   "test_apk_sha256": "e5b4055d8e721da069f86732e48f7f935405f5fdc6a2ce2fce64d03596ff23ef",
2026-10-03T02:26:38.8840215Z   "device": {
2026-10-03T02:26:38.8840524Z     "abi": "x86_64,x86,arm64-v8a,armeabi-v7a,armeabi",
2026-10-03T02:26:38.8840880Z     "api": "30",
2026-10-03T02:26:38.8841354Z     "fingerprint": "google/sdk_gphone_x86_64/generic_x86_64_arm64:11/RSR1.240422.006/12134477:userdebug/dev-keys",
2026-10-03T02:26:38.8841903Z     "native_bridge": "libndk_translation.so"
2026-10-03T02:26:38.8842239Z   },
2026-10-03T02:26:38.8842502Z   "instrumentation": {
2026-10-03T02:26:38.8842790Z     "passed": true,
2026-10-03T02:26:38.8843370Z     "tests": {
2026-10-03T02:26:38.8843682Z       "test01_setupRequiresAnInstalledModel": 0,
2026-10-03T02:26:38.8844074Z       "test02_searchHasAnHonestEmptyState": 0,
2026-10-03T02:26:38.8844476Z       "test03_browsingDoesNotChangeTheSelectedModel": 0,
2026-10-03T02:26:38.8844883Z       "test04_batteryToolReadsAndroid": 0,
2026-10-03T02:26:38.8845303Z       "test05_volumeToolChangesAndroidAndRejectsBadInput": 0,
2026-10-03T02:26:38.8845726Z       "test06_missingAppReturnsFailure": 0,
2026-10-03T02:26:38.8846107Z       "test07_settingsToolOpensAndroidSettings": 0,
2026-10-03T02:26:38.8846543Z       "test08_rejectedToolSequencePreservesAndroidVolume": 0,
2026-10-03T02:26:38.8846993Z       "test09_repeatedVolumeRequestIsIdempotent": 0,
2026-10-03T02:26:38.8847493Z       "test10_modelIssueWarningPrecedesSelectionAndCancelPreservesModel": 0,
2026-10-03T02:26:38.8848285Z       "test11_modelDetailsAreOptionalAndDoNotChangeSelection": 0,
2026-10-03T02:26:38.8848788Z       "test12_lastFamilyModelCanBeSelectedAboveNavigationBar": 0,
2026-10-03T02:26:38.8849319Z       "test13_imageAttachmentIsResizedStoredAndInvalidInputRejected": 0,
2026-10-03T02:26:38.8849806Z       "test14_threeActionTurnUsesRealAndroidState": 0,
2026-10-03T02:26:38.8850234Z       "test15_invalidActionTurnPreservesAndroidState": 0,
2026-10-03T02:26:38.8850855Z       "test16_partialFailureKeepsCompletedAndroidAction": 0,
2026-10-03T02:26:38.8851326Z       "test17_cancelledAndDuplicateActionTurnsDoNotReplay": 0,
2026-10-03T02:26:38.8851820Z       "test18_naturalActionRoutingOpensSettingsThenReadsBattery": 0,
2026-10-03T02:26:38.8852313Z       "test19_retryLiteralUnknownAppStopsWithoutBattery": 0,
2026-10-03T02:26:38.8852788Z       "test20_followupQueuesWhileAcceptedAndroidActionRuns": 0,
2026-10-03T02:26:38.8853292Z       "test21_speechInterruptionPreservesAcceptedAndroidActions": 0,
2026-10-03T02:26:38.8853820Z       "test22_explicitCancellationKeepsCompletedAndroidReceipts": 0,
2026-10-03T02:26:38.8854318Z       "test23_actionResultsSurviveEndCallWithoutReplay": 0,
2026-10-03T02:26:38.8854793Z       "test24_memoryManagerReviewsCorrectsSearchesAndErases": 0,
2026-10-03T02:26:38.8855324Z       "test25_finalizedTextAndVoiceMemoryNeedsApprovalBeforePromptUse": 0,
2026-10-03T02:26:38.8855870Z       "test26_memoryCorrectionAndEraseRefreshApprovedPacket": 0,
2026-10-03T02:26:38.8856398Z       "test27_controlledConversationSurfaceKeepsCallUntilExplicitEnd": 0,
2026-10-03T02:26:38.8856921Z       "test28_voiceNavigationRetainsCallIdUntilExplicitEnd": 0,
2026-10-03T02:26:38.8857434Z       "test29_eachAssistantReplyKeepsPersistedMetricsAcrossReload": 0,
2026-10-03T02:26:38.8858098Z       "test30_sqliteMigrationPreservesHistoryAndEraseAcrossReopen": 0,
2026-10-03T02:26:38.8858645Z       "test31_sqliteCorruptMigrationAndFailedEraseDoNotLoseData": 0,
2026-10-03T02:26:38.8859180Z       "test32_sqliteExceedsLegacyByteLimitAndSerializesSeparateWriters": 0,
2026-10-03T02:26:38.8859775Z       "test33_sourceArchiveRetainsExplicitHistoryAndExpiresWithoutFactLoss": 0,
2026-10-03T02:26:38.8860396Z       "test34_sourceArchiveUpgradesV1RejectsSecretsAndRollsBackFailure": 0,
2026-10-03T02:26:38.8860991Z       "test35_referencePdfExtractionAndPendingAcknowledgmentUseReleaseCode": 0,
2026-10-03T02:26:38.8861615Z       "test36_sourceCopyPrivacySurvivesPersistenceAndExpiry": 0,
2026-10-03T02:26:38.8862084Z       "test90_modelSelectionPersistsAcrossRecreation": 0
2026-10-03T02:26:38.8862474Z     },
2026-10-03T02:26:38.8862730Z     "errors": []
2026-10-03T02:26:38.8862994Z   },
2026-10-03T02:26:38.8863285Z   "process_restart": "passed"
2026-10-03T02:26:38.8863599Z }
2026-10-03T02:26:38.8888169Z ##[group]Terminate Emulator
2026-10-03T02:26:38.8901444Z [command]/usr/local/lib/android/sdk/platform-tools/adb -s emulator-5554 emu kill
2026-10-03T02:26:38.8935988Z OK: killing emulator, bye bye
2026-10-03T02:26:38.8936237Z OK
2026-10-03T02:26:38.8939018Z INFO         | Wait for emulator (pid 2468) 20 seconds to shutdown gracefully before kill;you can set environment variable ANDROID_EMULATOR_WAIT_TIME_BEFORE_KILL(in seconds) to change the default value (20 seconds)
2026-10-03T02:26:38.8939765Z 
2026-10-03T02:26:38.8940183Z ##[endgroup]
2026-10-03T02:26:38.9053416Z USER_INFO    | Snapshots have been disabled by the user, save request is ignored.
2026-10-03T02:26:38.9053847Z INFO         | Saving snapshot 'default_boot' took 0 ms
2026-10-03T02:26:39.8667394Z ERROR        | stop: Not implemented
2026-10-03T02:26:39.8667974Z WARNING      | Emulator client has not yet been configured.. Call configure me first!
2026-10-03T02:26:39.8833226Z INFO         | removeAll
2026-10-03T02:26:39.9172491Z WARNING      | Netsim Wifi dns:///localhost:40801 is gone due to Stream removed (CANCELLED)
2026-10-03T02:26:40.8142653Z ##[group]Run actions/upload-artifact@v4
2026-10-03T02:26:40.8142817Z with:
2026-10-03T02:26:40.8142950Z   name: jarvis-verification-api-30-app-release
2026-10-03T02:26:40.8143121Z   path: verification-evidence/
2026-10-03T02:26:40.8143253Z   retention-days: 14
2026-10-03T02:26:40.8143373Z   if-no-files-found: warn
2026-10-03T02:26:40.8143498Z   compression-level: 6
2026-10-03T02:26:40.8143612Z   overwrite: false
2026-10-03T02:26:40.8143732Z   include-hidden-files: false
2026-10-03T02:26:40.8143857Z env:
2026-10-03T02:26:40.8143974Z   ANDROID_AVD_HOME: /home/runner/.android/avd
2026-10-03T02:26:40.8144254Z ##[endgroup]
2026-10-03T02:26:40.9196303Z (node:3333) [DEP0040] DeprecationWarning: The `punycode` module is deprecated. Please use a userland alternative instead.
2026-10-03T02:26:40.9196949Z (Use `node --trace-deprecation ...` to show where the warning was created)
2026-10-03T02:26:40.9307068Z With the provided path, there will be 98 files uploaded
2026-10-03T02:26:40.9318000Z Artifact name is valid!
2026-10-03T02:26:40.9321068Z Root directory input is valid!
2026-10-03T02:26:41.2336549Z Beginning upload of artifact content to blob storage
2026-10-03T02:26:41.4366838Z (node:3333) [DEP0169] DeprecationWarning: `url.parse()` behavior is not standardized and prone to errors that have security implications. Use the WHATWG URL API instead. CVEs are not issued for `url.parse()` vulnerabilities.
2026-10-03T02:26:41.8364586Z Uploaded bytes 6144240
2026-10-03T02:26:41.8760345Z Finished uploading artifact content to blob storage!
2026-10-03T02:26:41.8761039Z SHA256 digest of uploaded artifact zip is 63d3a8d1ad1f062cd127a078df6043e5203bb66cbf732ab529ca3c6288c97d1e
2026-10-03T02:26:41.8762411Z Finalizing artifact upload
2026-10-03T02:26:42.1253157Z Artifact jarvis-verification-api-30-app-release.zip successfully finalized. Artifact ID 11261747592
2026-10-03T02:26:42.1253955Z Artifact jarvis-verification-api-30-app-release has been successfully uploaded! Final size is 6144240 bytes. Artifact ID is 11261747592
2026-10-03T02:26:42.1257873Z Artifact download URL: https://github.com/battlesbudz/Jarvis-OS-V2/actions/runs/37088094621/artifacts/11261747592
2026-10-03T02:26:42.1378219Z ##[group]Run if [ -f verification-evidence/summary.md ]; then
2026-10-03T02:26:42.1378617Z [36;1mif [ -f verification-evidence/summary.md ]; then[0m
2026-10-03T02:26:42.1378992Z [36;1m  cat verification-evidence/summary.md >> "$GITHUB_STEP_SUMMARY"[0m
2026-10-03T02:26:42.1379332Z [36;1melse[0m
2026-10-03T02:26:42.1379690Z [36;1m  echo 'FAIL: emulator infrastructure did not produce a verification report.' >> "$GITHUB_STEP_SUMMARY"[0m
2026-10-03T02:26:42.1380128Z [36;1mfi[0m
2026-10-03T02:26:42.1446060Z shell: /usr/bin/bash -e {0}
2026-10-03T02:26:42.1446212Z env:
2026-10-03T02:26:42.1446340Z   ANDROID_AVD_HOME: /home/runner/.android/avd
2026-10-03T02:26:42.1446503Z ##[endgroup]
2026-10-03T02:26:42.1580220Z Post job cleanup.
2026-10-03T02:26:42.2143464Z [command]/usr/bin/git version
2026-10-03T02:26:42.2174268Z git version 2.55.0
2026-10-03T02:26:42.2197451Z Temporarily overriding HOME='/home/runner/work/_temp/e7da84cf-ccfa-42ef-a4a8-37b1965a7303' before making global git config changes
2026-10-03T02:26:42.2198289Z Adding repository directory to the temporary git global config as a safe directory
2026-10-03T02:26:42.2208286Z [command]/usr/bin/git config --global --add safe.directory /home/runner/work/Jarvis-OS-V2/Jarvis-OS-V2
2026-10-03T02:26:42.2231262Z [command]/usr/bin/git config --local --name-only --get-regexp core\.sshCommand
2026-10-03T02:26:42.2257320Z [command]/usr/bin/git submodule foreach --recursive sh -c "git config --local --name-only --get-regexp 'core\.sshCommand' && git config --local --unset-all 'core.sshCommand' || :"
2026-10-03T02:26:42.2450755Z [command]/usr/bin/git config --local --name-only --get-regexp http\.https\:\/\/github\.com\/\.extraheader
2026-10-03T02:26:42.2478906Z http.https://github.com/.extraheader
2026-10-03T02:26:42.2486851Z [command]/usr/bin/git config --local --unset-all http.https://github.com/.extraheader
2026-10-03T02:26:42.2519075Z [command]/usr/bin/git submodule foreach --recursive sh -c "git config --local --name-only --get-regexp 'http\.https\:\/\/github\.com\/\.extraheader' && git config --local --unset-all 'http.https://github.com/.extraheader' || :"
2026-10-03T02:26:42.2712585Z [command]/usr/bin/git config --local --name-only --get-regexp ^includeIf\.gitdir:
2026-10-03T02:26:42.2742369Z [command]/usr/bin/git submodule foreach --recursive git config --local --show-origin --name-only --get-regexp remote.origin.url
2026-10-03T02:26:42.3026394Z Cleaning up orphan processes
2026-10-03T02:26:42.3263772Z Terminate orphan process: pid (2554) (adb)
2026-10-03T02:26:42.3283626Z ##[warning]Node.js 20 is deprecated. The following actions target Node.js 20 but are being forced to run on Node.js 24: actions/checkout@v4, actions/upload-artifact@v4. For more information see: https://github.blog/changelog/2025-09-19-deprecation-of-node-20-on-github-actions-runners/

