Independent privacy review attempt 2
UTC: 2026-10-02T22:25:32.056368+00:00
Actor /root/jarvis_privacy_review; ticket 670d971f4e2948699d7751deafa3f204; dispatch privacy-review-2.
Read-only source review. No source edits, GitHub writes, commits, full harness, Kotlin, JVM/native or Android tests. First review artifacts preserved.
Actual operations: cat/sed/nl/rg for evidence and code reads; git rev-parse/status/log/diff/show and file comparisons; Python JSON/hash/source preservation and equivalent-regex assertions.
An initial combined identity assertion failed because integration direct parent differed from dispatch; independently inspected actual chain and recorded it. Spec hash and heads themselves match.
Read second coder report/log, remote-candidate manifest, integration/scope proof records; prior repository instructions/verification skill and acceptance requirements retained.
Independently git-resolved remote/integration/coder heads, full trees, actual parent chains and clean working trees; verified same claimed full tree and recorded integration parent correction.
Verified unchanged original spec SHA-256 9577265a9475306cfe2f753808a638b8be071ecdb18107b728ff3c721b6e7b56.
Full base..candidate path diff equals exactly the 14 allowed paths; all 179 frozen paths unchanged; 180 unchanged frozen-manifest hashes matched.
Original complete Android file reproduced byte-for-byte after removing only appended test36; original 36 journey bodies/assertions/names/order unchanged.
Verified 37 unique named scenarios with only paired test36 added and original manifest names/order/other fields unchanged.
Existing ConversationHistoryTest assertion lines unchanged; only authorized artificial-clock migration remains. Both documentation files append-only.
git diff --check base..HEAD exit 0 on both integration and remote candidate.
Compared history and voice-store production files to first-reviewed tree; unchanged. Traced new summary proof/binding/tombstone read/write/remove/clear behavior and Runtime/Activity save/restore callers.
Traced all repaired voice and generic typed exact-prompt callers plus ASR/fallback/normal-turn/error diagnostic writers and restore handling.
Executed Python equivalent-regex/string assertions for actual missed message=/colon exception envelopes and actual typed exact-prompt envelope. Recorded privacy-review-2-static-cases.json. These are static illustrative checks, not Kotlin execution.
VERDICT: REJECTED
BLOCKING app/src/main/java/com/battlesbudz/jarvis/v2/diagnostics/DiagnosticRecorder.kt: R1 remains incomplete. sourceBearingEnvelope() lines 146-149 only recognizes selected key=value fields and the exact-prompt marker. Existing production paths still truncate arbitrary exception text under formats it does not recognize: ConversationRuntime.kt lines 551-552 uses message=${error.message?.take(300)}; JarvisRuntime.kt line 1863 uses "Voice turn failed: ${error.stackTraceToString().take(4000)}"; MainActivity.kt line 178 uses the corresponding "Voice resume failed:" stack excerpt. For an exception message beginning "tiny " followed by enough benign text and ending "password: tiny" beyond the relevant truncation point, the complete source would be excluded but these envelopes retain tiny with no marker, do not match sourceBearingEnvelope, and are persisted by wrap and retained by readSafe without full-source proof. A source-level equivalent regex check confirms these actual caller shapes bypass the filter. The new fixtures cover key=value Turn failed but omit these real failure paths. Within current scope, fail closed for the remaining legacy source-bearing exception formats or route allowed Runtime callers through complete-source validation; do not broadly trust arbitrary labels or remove frozen assertions.
BLOCKING app/src/main/java/com/battlesbudz/jarvis/v2/diagnostics/DiagnosticRecorder.kt: R4: The repair unconditionally removes exact prompt diagnostics for every ordinary typed chat, including benign inputs within retention. The unchanged real caller ConversationRuntime.kt lines 387-395 calls recordInferencePrompt with "--- Exact submitted text begins ---". recordInferencePrompt lines 20-22 supplies no completeSources, so sourceBearingEnvelope is always true and wrap lines 131-133 always emits EXCLUDED. Only the two Runtime voice/accepted-action callers use recordSourceInferencePrompt. The frozen synthetic DiagnosticRecorderTest prompt lacks the production marker, so it still passes while the production typed feature is lost; the new test explicitly expects this real typed shape to be excluded. This violates the accepted benign exact-prompt persistence requirement rather than merely dropping legacy excerpts. Preserve full-original-source proof and benign typed exact diagnostic capture through a trusted runtime/recorder handoff within authorized paths; allowing arbitrary marker-shaped source text is not a fix. If that cannot be done within current scope, record the scope conflict instead of treating the regression as accepted.
ADVISORY privacy-integration-2.json: Identity correction: integration f85cae2b264b19dac595519b14bd03023fa9928f has actual parent cb7ad9e3e0ae544e7c7b9f6d8dd95ca797834acf, whose parent is base cd7280cfbdd15e54bf3eb5f243c0a3fffdb6d4de. It is not a sole-direct-base-parent commit as stated in dispatch text. Remote 88087d929491978d67cfa843189c23648bd74531 does have sole direct base parent. Integration and remote still share exact full tree d1bbd1a6eadf286b2970d81f199e8228fc6d5362, and full base-to-candidate scope/frozen checks pass. Retain this real two-commit integration ancestry in receipts; this is not itself a product defect.
UNVERIFIED: Frozen full Python harness on both exact trees: not run by reviewer as instructed.
UNVERIFIED: Kotlin compilation; all release JVM/native/helper checks.
UNVERIFIED: Exact remote 88087d929491978d67cfa843189c23648bd74531 signed normal/compact builds.
UNVERIFIED: API 30/API 35 all 37 named journeys, separate-process restart and consolidated receipt.
UNVERIFIED: Real model, physical audio, sensitive-lock/TTS race and target-device qualification. Earlier candidate Build 888 is not evidence for this tree.
