Independent source privacy review operation/findings log
Time: 2026-10-02T22:05:50.218406+00:00
Actor: /root/jarvis_privacy_review; ticket: 7e585da2a02047e48fdc969dd948aa8f; dispatch: privacy-review-1
Integration e1e8e27e8e38b0ef30f74c5369a277baa0c19694; remote 7c4741644bcee78754b48692a76344755fc3e234; shared tree 50074ee571c7a85a2b6db721e35501a8bce7d235; coder 048ae9eb65e27b9e70d141634c42bedae5aa9edb; base cd7280cfbdd15e54bf3eb5f243c0a3fffdb6d4de.
Read-only source review. No source edits, commits, pushes, PRs, merges, release/config/permission changes. Reports written only outside source.
Commands used: pwd; rg --files and rg -n symbol searches; cat/sed/nl source and documentation reads; git rev-parse/status/diff/show/rev-list; targeted Python JSON/hash/string integrity checks.
Two initial guessed Activity/MemoryArchivePolicy path searches returned not-found; corrected via rg --files/global symbol search. No tests were run by those failed searches.
Read AGENTS.md, repository jarvis-verify skill, verification README/features and Memory OS plan; read coder report/log and architecture-report.json.
Independently resolved integration, remote candidate and coder commit/tree/base parents; all three working trees clean; base tree verified.
SHA-256 spec identity 9577265a9475306cfe2f753808a638b8be071ecdb18107b728ff3c721b6e7b56 verified.
Compared full base..candidate path diff to exact 14 allowed paths; verified 179 frozen paths absent from diff and 180 unchanged frozen manifest hashes.
Removed only the appended test36 block in memory and proved remaining Android source byte-for-byte equals base; all original 36 journey names/order preserved.
Verified exactly 37 unique scenario registrations with only test36 added and other scenario manifest fields unchanged.
Verified ConversationHistoryTest assertion lines unchanged and reviewed sole permitted artificial-clock fixture migration; both documentation files append-only.
git diff --check base..candidate: exit 0.
Static call-chain review of policy/history/store/Runtime/Activity/ConversationRuntime/ShortTermConversationContext/VoiceSessionController/CoalescingVoiceCallStore and new privacy tests.
Python source-level illustrative assertions confirmed a pre-truncated envelope retains tiny while dropping the later password marker, and the unchanged bare-card regex matches ordinary 13-digit voice provenance timestamps. Not Kotlin execution.
VERDICT: REJECTED.
BLOCKING app/src/main/java/com/battlesbudz/jarvis/v2/diagnostics/DiagnosticRecorder.kt: R1: wrap() lines 110-120 scans only its already-assembled entry, not the complete original source. Existing callers in conversation/ConversationRuntime.kt lines 175, 263, 279, 617, 736, 851-861 and 877-883 apply prompt.take(500/1000) and generated.text.take(4000) before calling this boundary; JarvisRuntime.kt line 1078 similarly truncates heard.text. For example a source beginning "tiny ", followed by >2000 benign characters and ending "password: tiny" is excluded by history, but the normal Turn/Turn failed diagnostic retains the first 1000 source characters including tiny because the exclusion marker has already been dropped. Thus the required complete-source, whole-affected-payload exclusion is bypassed despite direct-recorder tests passing. Keep current request available, but make persistence conditional on full-source provenance: within the existing allowed paths, add an enforceable recorder-level trusted envelope/source decision or fail closed on known truncated/unprovenanced source-bearing diagnostic envelopes. Do not simply whitelist marker-shaped arbitrary text or weaken the frozen exact benign prompt contract.
BLOCKING app/src/main/java/com/battlesbudz/jarvis/v2/memory/SourceTextPersistencePolicy.kt: R2: SummaryPreferences.getString() lines 35-38 and rejected writes lines 51-56 erase both payload and original timestamp. A subsequent stale/reworded write after sourceTimestamp() advances then sees previous=null and receives the newer history clock. Concrete boundary sequence: write S with source=1000; at 1000+RETENTION_MS read S (removed); advance source to now; write S or a rewording; it is accepted until now+90 days. The added test only retries with source still 1000 and misses this case. Runtime does not bind its captured_at to the actual summary text either: JarvisRuntime.kt lines 109-124 accepts any in-memory summary when a nonzero stored clock is eligible, while MainActivity.onCreate lines 125-128 can restore a different savedInstanceState summary without provenance. A stale bundle can therefore inherit a newer saved summary clock. Retain durable original-lineage/tombstone information through rejection/expiry and bind any restored/re-summarized capsule to its contributing source provenance; unknown stale capsules must fail closed. Do not refresh provenance merely from the current eligible history.
BLOCKING app/src/main/java/com/battlesbudz/jarvis/v2/JarvisRuntime.kt: R3: Normal voice onPromptSubmitted lines 782-792 always adds VoiceSessionController.contextProvenance(), whose callStartedAtMs/oldestEntryAtMs/newestEntryAtMs are ordinary 13-digit epoch milliseconds. DiagnosticRecorder.wrap scans that combined envelope with MemoryArchivePolicy’s bare 13-19 digit card regex, so even a completely benign voice prompt is replaced by EXCLUDED. Exempting only the outer atMs header in readSafe() does not fix write-time rejection. This regresses the required within-window exact benign diagnostic prompt persistence on the real voice path; the new real-epoch test only tests the recorder’s own header. Separate structured trusted recorder/runtime metadata from arbitrary source text and scan the complete source fields, or omit this metadata at the allowed Runtime caller. Never broadly treat user-controlled atMs-like text as trusted metadata.
UNVERIFIED: Frozen full Python harness (not run by reviewer as instructed).
UNVERIFIED: Kotlin compilation and all signed release JVM/native/helper checks.
UNVERIFIED: Exact remote SHA signed normal/compact builds.
UNVERIFIED: API 30/API 35 full 37 named journeys, separate-process restart and consolidated receipt.
UNVERIFIED: Real model, physical audio, sensitive-lock/TTS race and target-device performance.
