Independent privacy review4 operation/findings log
UTC 2026-10-03T01:49:55.922752+00:00
Actor /root/jarvis_privacy_review; ticket 4c31b63f52184f81b7150b0211022e07; dispatch privacy-review-4; Coordinator 7bfab527f2894d08a773ce79ba68b286.
No source edits, commits, GitHub writes, Coordinator mutations, new dispatches, full harness or Kotlin/Android execution. Only outside-source review evidence files written.
Commands executed: cat/sed/nl/rg targeted source/instruction/evidence reads; git rev-parse/status/log/diff/show/merge-base; Python integrity/hash assertions and small source-arithmetic models.
Read current ticket/coder4 report, prior coder3 repair report/log, repository AGENTS and jarvis-verify instructions; reviewed verification/MemoryOS acceptance updates.
Independently resolved exact remote 1957255c1c1b9738d17f6dbf932824557aea7ae4, integration a348d86ddd32ba7e5f99bc9687e9fad07e918caf and coder 3e86bda2b62d39142b7e66dda5439b50fa5e7888; full tree 826e3bf976dae0c23e5e70bb9b853f22e669bacd matches all three; clean trees and real multi-commit integration/coder ancestry recorded.
Verified original spec SHA256 9577265a9475306cfe2f753808a638b8be071ecdb18107b728ff3c721b6e7b56, base ancestry, exact 14 allowed changed paths, unchanged 179 frozen paths, and 180 unchanged frozen-manifest file hashes.
Verified original Android file byte-for-byte after removing only test36; all original 36 journey bodies/assertions/names/order preserved; exactly 37 unique registrations and other scenarios fields unchanged.
Verified existing ConversationHistoryTest assertion lines unchanged and only authorized fixture migration retained; both documentation files append-only.
git diff --check base..HEAD passed on both local integration and actual remote checkout.
Compared attempt4 to retained bdec0bb tree: only two production Keep annotation additions and append-only documentation (4 files/9 insertions).
Inspected retained actual Build890 API30 instrumentation, verified SHA256 1e5c22dc94dd54e9f301646dc3bdc72467cd830b45c450a5812432e991559c03, 37 run/1 failed, NoClassDefFoundError ConversationVoiceCallStore in test36 line1509. Did not reproduce on device.
Audited direct test36 owners/returned DTOs against frozen full-class keeps and policy nested Keep annotations; new ConversationVoiceCallStore and DiagnosticRecorder Keep declarations close the observed/source-identified gaps. Compiled target/test DEX reachability remains unverified.
Reviewed cumulative history/call/summary/diagnostic policies and actual Runtime/Activity/conversation callers: default-deny generic diagnostics, complete typed exact-prompt API, full voice source scans, hashed evidence keys, restore bindings, summary proof/tombstones and conservative rejection.
Executed source-level Python lifecycle/arithmetic probes for resumed inherited task lineage and invalid FullSource clocks, saved separate JSON evidence. These are not Kotlin/JVM/Android tests.
VERDICT REJECTED
BLOCKING app/src/main/java/com/battlesbudz/jarvis/v2/voice/VoiceCallStore.kt: R5: Resuming an eligible saved call renews inherited source-bearing taskStatus strings. VoiceSessionController.resumeCall (152-169) copies latest.taskStatus into a new UUID with startedAtMs=now, then MainActivity (173-175) calls linkConversation, which clears the copied transcript while retaining taskStatus (VoiceSessionController 174-176). VoiceCallStore.save/sanitize (31-35,43-67) only finds prior by the new call ID and dates derived title/task text from that new startedAtMs; it does not preserve inherited source lineage. Given an accepted persisted/legacy task string "Opened Amber Notebook" captured at t0, resume at day89 and link the conversation; at t0+90 days the original call expires but the new call retains the copied task text until day179, including after reopen. Current accepted-action Runtime generally writes content-free tool names, so the source-bearing persisted/legacy task precondition is explicit; the public store/codec and privacy contract nevertheless accept and cover arbitrary task strings. Content-free identity/outcome preservation can remain allowed. Keep derived-source provenance separate from session start across new-ID resume and the later transcript-clearing checkpoint, or fail closed for unprovenanced inherited freeform tasks. Repair can live in allowed VoiceCallStore without editing frozen controller/activity. Add a boundary regression that saves eligible prose tasks, follows resume+link, advances to original expiry, and reopens. Evidence: privacy-review-4-retention-probe.json is an exact source-level lifecycle model, not a Kotlin run.
BLOCKING app/src/main/java/com/battlesbudz/jarvis/v2/diagnostics/DiagnosticRecorder.kt: R6: recordSourceInferencePrompt (lines 33-37) computes sources.minOfOrNull { minOf(it.capturedAtMs, sourceTimestamp()) } before validation. It then passes only that derived clock and source text strings to wrap/Privacy.placeholder, losing each source’s original clock. With clock/sourceTimestamp=1000 and a benign FullSource capturedAtMs=1001 (future) or Long.MAX_VALUE (overflowing expiry), the method produces captured=1000 and persists/binds the payload, even though Privacy.eligible rejects the original capture time. The supplied voice FullSource API must reject every missing/future/overflow/expired original clock before choosing the oldest eligible clock; an earlier history timestamp is not proof of that source’s capture provenance. This violates the explicit fail-closed invalid-clock requirement. The reduced clock is conservative for age but still masks invalid source provenance. The current full-source test covers valid epoch timestamps and secret text, not invalid clocks. Evidence: privacy-review-4-clock-probe.json evaluates the exact source arithmetic; no Kotlin execution claimed.
UNVERIFIED Frozen full Python harness after independent review (not run by reviewer).
UNVERIFIED Exact candidate Kotlin/release JVM/native/helper execution and signed normal/compact builds.
UNVERIFIED Exact candidate API30/API35 all37 journeys, process restart, compiled DEX ABI/reachability and consolidated receipt.
UNVERIFIED Build898/run37087269778 results remain independent CI evidence; no status/pass is inferred here and even green tests would not resolve the static findings.
UNVERIFIED Real-model/physical audio/sensitive-lock-TTS-race/target-device qualification.
All tool work completed; reviewer quiescent after artifact hashing.
